{
  "version": "1.5.44",
  "plugins_used": [
    {
      "name": "ArtifactoryDetector"
    },
    {
      "name": "AWSKeyDetector"
    },
    {
      "name": "AzureStorageKeyDetector"
    },
    {
      "name": "Base64HighEntropyString",
      "limit": 4.5
    },
    {
      "name": "BasicAuthDetector"
    },
    {
      "name": "CloudantDetector"
    },
    {
      "name": "DiscordBotTokenDetector"
    },
    {
      "name": "GitHubTokenDetector"
    },
    {
      "name": "HexHighEntropyString",
      "limit": 3.0
    },
    {
      "name": "IbmCloudIamDetector"
    },
    {
      "name": "IbmCosHmacDetector"
    },
    {
      "name": "JwtTokenDetector"
    },
    {
      "name": "KeywordDetector",
      "keyword_exclude": ""
    },
    {
      "name": "MailchimpDetector"
    },
    {
      "name": "NpmDetector"
    },
    {
      "name": "PrivateKeyDetector"
    },
    {
      "name": "SendGridDetector"
    },
    {
      "name": "SlackDetector"
    },
    {
      "name": "SoftlayerDetector"
    },
    {
      "name": "SquareOAuthDetector"
    },
    {
      "name": "StripeDetector"
    },
    {
      "name": "TwilioKeyDetector"
    }
  ],
  "filters_used": [
    {
      "path": "detect_secrets.filters.allowlist.is_line_allowlisted"
    },
    {
      "path": "detect_secrets.filters.common.is_baseline_file",
      "filename": ".secrets.baseline"
    },
    {
      "path": "detect_secrets.filters.common.is_ignored_due_to_verification_policies",
      "min_level": 2
    },
    {
      "path": "detect_secrets.filters.heuristic.is_indirect_reference"
    },
    {
      "path": "detect_secrets.filters.heuristic.is_likely_id_string"
    },
    {
      "path": "detect_secrets.filters.heuristic.is_lock_file"
    },
    {
      "path": "detect_secrets.filters.heuristic.is_not_alphanumeric_string"
    },
    {
      "path": "detect_secrets.filters.heuristic.is_potential_uuid"
    },
    {
      "path": "detect_secrets.filters.heuristic.is_prefixed_with_dollar_sign"
    },
    {
      "path": "detect_secrets.filters.heuristic.is_sequential_string"
    },
    {
      "path": "detect_secrets.filters.heuristic.is_swagger_file"
    },
    {
      "path": "detect_secrets.filters.heuristic.is_templated_secret"
    }
  ],
  "results": {
    ".claude/commands/iam-audit.md": [
      {
        "type": "Base64 High Entropy String",
        "filename": ".claude/commands/iam-audit.md",
        "hashed_secret": "cd3cf13862a75568b8b270dcf897080db71d1943",
        "is_verified": false,
        "line_number": 842
      }
    ],
    ".github/workflows/deploy.yml": [
      {
        "type": "Secret Keyword",
        "filename": ".github/workflows/deploy.yml",
        "hashed_secret": "dc724af18fbdd4e59189f5fe768a5f8311527050",
        "is_verified": false,
        "line_number": 458
      }
    ],
    "CONTRIBUTING.md": [
      {
        "type": "Secret Keyword",
        "filename": "CONTRIBUTING.md",
        "hashed_secret": "a44deac9fda7e2d6f5f26a2f40f6856199fa3762",
        "is_verified": false,
        "line_number": 494
      },
      {
        "type": "Secret Keyword",
        "filename": "CONTRIBUTING.md",
        "hashed_secret": "a94a8fe5ccb19ba61c4c0873d391e987982fbbd3",
        "is_verified": false,
        "line_number": 498
      }
    ],
    "SPEC.md": [
      {
        "type": "Secret Keyword",
        "filename": "SPEC.md",
        "hashed_secret": "cbbf875e2b2962bea4b662a726545c81b01d5d8e",
        "is_verified": false,
        "line_number": 142
      }
    ],
    "docs/CHAOS_TESTING_OPERATOR_GUIDE.md": [
      {
        "type": "Secret Keyword",
        "filename": "docs/CHAOS_TESTING_OPERATOR_GUIDE.md",
        "hashed_secret": "aecdccc1cf64595b34e0cc152d238daabb32183a",
        "is_verified": false,
        "line_number": 54
      }
    ],
    "docs/DEPLOYMENT.md": [
      {
        "type": "Secret Keyword",
        "filename": "docs/DEPLOYMENT.md",
        "hashed_secret": "0086f767bcaa9b311541184ce0c7ee8b534adc1a",
        "is_verified": false,
        "line_number": 45
      },
      {
        "type": "Secret Keyword",
        "filename": "docs/DEPLOYMENT.md",
        "hashed_secret": "70455558702bad17c2716d5960e7ce314069c0c0",
        "is_verified": false,
        "line_number": 50
      },
      {
        "type": "Secret Keyword",
        "filename": "docs/DEPLOYMENT.md",
        "hashed_secret": "92d61340371584156e74c456325081310bd079f8",
        "is_verified": false,
        "line_number": 286
      }
    ],
    "docs/PROMOTION_WORKFLOW_DESIGN.md": [
      {
        "type": "Secret Keyword",
        "filename": "docs/PROMOTION_WORKFLOW_DESIGN.md",
        "hashed_secret": "23d62d0971edaaff12bd7b64c7da76fe0118d67f",
        "is_verified": false,
        "line_number": 151
      },
      {
        "type": "Secret Keyword",
        "filename": "docs/PROMOTION_WORKFLOW_DESIGN.md",
        "hashed_secret": "6a5cb82cba461cdf46ceac23493734994772e008",
        "is_verified": false,
        "line_number": 156
      },
      {
        "type": "Secret Keyword",
        "filename": "docs/PROMOTION_WORKFLOW_DESIGN.md",
        "hashed_secret": "0ac7e4f6de27e05b6e0a9c58c4caa461fded04f1",
        "is_verified": false,
        "line_number": 530
      },
      {
        "type": "Secret Keyword",
        "filename": "docs/PROMOTION_WORKFLOW_DESIGN.md",
        "hashed_secret": "e8a5ea717616c418f010284e2248f6ad0ce1559b",
        "is_verified": false,
        "line_number": 537
      },
      {
        "type": "Secret Keyword",
        "filename": "docs/PROMOTION_WORKFLOW_DESIGN.md",
        "hashed_secret": "095e9f62ef9e9bdd723915fb4ab0bd98af9c71fd",
        "is_verified": false,
        "line_number": 551
      },
      {
        "type": "Secret Keyword",
        "filename": "docs/PROMOTION_WORKFLOW_DESIGN.md",
        "hashed_secret": "d1bad46bd1f262809565685df8f9ef64bdbeee8e",
        "is_verified": false,
        "line_number": 554
      },
      {
        "type": "Base64 High Entropy String",
        "filename": "docs/PROMOTION_WORKFLOW_DESIGN.md",
        "hashed_secret": "2c6518bff0b87455a1eae2c8ea4b42a2aa3241d4",
        "is_verified": false,
        "line_number": 713
      }
    ],
    "docs/TECH_DEBT_REGISTRY.md": [
      {
        "type": "Secret Keyword",
        "filename": "docs/TECH_DEBT_REGISTRY.md",
        "hashed_secret": "74ba31d41223751c75cc0a453dd7df04889bdc72",
        "is_verified": false,
        "line_number": 57
      }
    ],
    "docs/security/CONTAINER_MIGRATION_SECURITY_ANALYSIS.md": [
      {
        "type": "AWS Access Key",
        "filename": "docs/security/CONTAINER_MIGRATION_SECURITY_ANALYSIS.md",
        "hashed_secret": "25910f981e85ca04baf359199dd0bd4a3ae738b6",
        "is_verified": false,
        "line_number": 1519
      }
    ],
    "docs/security/CREDENTIAL-ROTATION.md": [
      {
        "type": "Secret Keyword",
        "filename": "docs/security/CREDENTIAL-ROTATION.md",
        "hashed_secret": "80ddcbaddc153d0ceea8e1d0e3e24f62bb626cfc",
        "is_verified": false,
        "line_number": 282
      },
      {
        "type": "Secret Keyword",
        "filename": "docs/security/CREDENTIAL-ROTATION.md",
        "hashed_secret": "5ef3af6cd9b5aa907fa618fac829baaec6763b42",
        "is_verified": false,
        "line_number": 283
      }
    ],
    "docs/security/IAM-ROLES.md": [
      {
        "type": "AWS Access Key",
        "filename": "docs/security/IAM-ROLES.md",
        "hashed_secret": "25910f981e85ca04baf359199dd0bd4a3ae738b6",
        "is_verified": false,
        "line_number": 449
      }
    ],
    "docs/security/PREPROD_HTTP_502_ROOT_CAUSE.md": [
      {
        "type": "Secret Keyword",
        "filename": "docs/security/PREPROD_HTTP_502_ROOT_CAUSE.md",
        "hashed_secret": "cbbf875e2b2962bea4b662a726545c81b01d5d8e",
        "is_verified": false,
        "line_number": 79
      }
    ],
    "docs/sri-methodology.md": [
      {
        "type": "Base64 High Entropy String",
        "filename": "docs/sri-methodology.md",
        "hashed_secret": "edbdc8fcef998738d86d6c384dda6510d6febceb",
        "is_verified": false,
        "line_number": 50
      },
      {
        "type": "Base64 High Entropy String",
        "filename": "docs/sri-methodology.md",
        "hashed_secret": "d17e048536709d159fb2d529376241788c83ca24",
        "is_verified": false,
        "line_number": 56
      }
    ],
    "frontend/src/components/auth/magic-link-form.tsx": [
      {
        "type": "Secret Keyword",
        "filename": "frontend/src/components/auth/magic-link-form.tsx",
        "hashed_secret": "22c3502d3bfb459fac8b974cd38585ff9bedb785",
        "is_verified": false,
        "line_number": 42
      }
    ],
    "frontend/src/lib/constants.ts": [
      {
        "type": "Secret Keyword",
        "filename": "frontend/src/lib/constants.ts",
        "hashed_secret": "5b3e3451c442b314e0ac805536fcd2d81e0e79a7",
        "is_verified": false,
        "line_number": 23
      }
    ],
    "frontend/src/stores/auth-store.ts": [
      {
        "type": "Secret Keyword",
        "filename": "frontend/src/stores/auth-store.ts",
        "hashed_secret": "6fc0ab354474cc1a2668fe46257a53cfbb0e80b8",
        "is_verified": false,
        "line_number": 52
      }
    ],
    "frontend/tests/unit/stores/auth-store.test.ts": [
      {
        "type": "Secret Keyword",
        "filename": "frontend/tests/unit/stores/auth-store.test.ts",
        "hashed_secret": "7593437cd78e3d34f68d69dd0a753fa74ee5f02d",
        "is_verified": false,
        "line_number": 116
      },
      {
        "type": "Secret Keyword",
        "filename": "frontend/tests/unit/stores/auth-store.test.ts",
        "hashed_secret": "685cf1b1eb6c3ce6cbdfb86efc14685df9862ae4",
        "is_verified": false,
        "line_number": 117
      },
      {
        "type": "Secret Keyword",
        "filename": "frontend/tests/unit/stores/auth-store.test.ts",
        "hashed_secret": "0e0627ce4ec8878a007ef99c63c221b633bfa86f",
        "is_verified": false,
        "line_number": 118
      },
      {
        "type": "Secret Keyword",
        "filename": "frontend/tests/unit/stores/auth-store.test.ts",
        "hashed_secret": "8fe55184695ea81325a590e722e65591432d59cb",
        "is_verified": false,
        "line_number": 214
      },
      {
        "type": "Secret Keyword",
        "filename": "frontend/tests/unit/stores/auth-store.test.ts",
        "hashed_secret": "4ee5e94e7ad8ca5e288a0eb3e3c536be8eb9c158",
        "is_verified": false,
        "line_number": 249
      },
      {
        "type": "Secret Keyword",
        "filename": "frontend/tests/unit/stores/auth-store.test.ts",
        "hashed_secret": "be8183812dd703839c1cbe55e6f9dc70b39dd14c",
        "is_verified": false,
        "line_number": 250
      },
      {
        "type": "Secret Keyword",
        "filename": "frontend/tests/unit/stores/auth-store.test.ts",
        "hashed_secret": "e79f8af02215a8a99070ab22f67958d5246078df",
        "is_verified": false,
        "line_number": 251
      },
      {
        "type": "Secret Keyword",
        "filename": "frontend/tests/unit/stores/auth-store.test.ts",
        "hashed_secret": "03b7b2baff66570fd08c7543c0a7d4a2a8658bda",
        "is_verified": false,
        "line_number": 551
      },
      {
        "type": "Secret Keyword",
        "filename": "frontend/tests/unit/stores/auth-store.test.ts",
        "hashed_secret": "f025bcd608587f05ba9c7ee7f66b45b989cb4bce",
        "is_verified": false,
        "line_number": 552
      },
      {
        "type": "Secret Keyword",
        "filename": "frontend/tests/unit/stores/auth-store.test.ts",
        "hashed_secret": "b0ab5024ae9700bcc410dbd0f1e3f77bca20575e",
        "is_verified": false,
        "line_number": 553
      }
    ],
    "infrastructure/docs/CREDENTIAL_SEPARATION_SETUP.md": [
      {
        "type": "Secret Keyword",
        "filename": "infrastructure/docs/CREDENTIAL_SEPARATION_SETUP.md",
        "hashed_secret": "b3b6adb7a4b6eec9f67882a49567f522af38c3b4",
        "is_verified": false,
        "line_number": 261
      },
      {
        "type": "Secret Keyword",
        "filename": "infrastructure/docs/CREDENTIAL_SEPARATION_SETUP.md",
        "hashed_secret": "7aefaa38a902ff5d38e7e6d445fac7ab6cc72984",
        "is_verified": false,
        "line_number": 281
      },
      {
        "type": "Secret Keyword",
        "filename": "infrastructure/docs/CREDENTIAL_SEPARATION_SETUP.md",
        "hashed_secret": "fd71116272da5ae15d721793d5d865b629d6fb57",
        "is_verified": false,
        "line_number": 551
      }
    ],
    "infrastructure/scripts/build-and-upload-model-s3.sh": [
      {
        "type": "Hex High Entropy String",
        "filename": "infrastructure/scripts/build-and-upload-model-s3.sh",
        "hashed_secret": "ea1369385b801fcc37b99efdb98585e636ef61a0",
        "is_verified": false,
        "line_number": 53
      }
    ],
    "infrastructure/scripts/build-model-layer.sh": [
      {
        "type": "Hex High Entropy String",
        "filename": "infrastructure/scripts/build-model-layer.sh",
        "hashed_secret": "ea1369385b801fcc37b99efdb98585e636ef61a0",
        "is_verified": false,
        "line_number": 53
      }
    ],
    "infrastructure/terraform/.terraform.lock.hcl": [
      {
        "type": "Base64 High Entropy String",
        "filename": "infrastructure/terraform/.terraform.lock.hcl",
        "hashed_secret": "106a655d226feff72b382ef4899aa939e8d655e2",
        "is_verified": false,
        "line_number": 8
      },
      {
        "type": "Hex High Entropy String",
        "filename": "infrastructure/terraform/.terraform.lock.hcl",
        "hashed_secret": "3493dc8187673dfbcda5316fb1acc653a740e774",
        "is_verified": false,
        "line_number": 9
      },
      {
        "type": "Hex High Entropy String",
        "filename": "infrastructure/terraform/.terraform.lock.hcl",
        "hashed_secret": "70ba07aa231810419e6287b3547dcbb8b0997653",
        "is_verified": false,
        "line_number": 10
      },
      {
        "type": "Hex High Entropy String",
        "filename": "infrastructure/terraform/.terraform.lock.hcl",
        "hashed_secret": "d8e90471b08b93e4ed59972e65f648b7a15ea394",
        "is_verified": false,
        "line_number": 11
      },
      {
        "type": "Hex High Entropy String",
        "filename": "infrastructure/terraform/.terraform.lock.hcl",
        "hashed_secret": "4dd08c2565bbefe9062a8d49897bcdc45479c9e4",
        "is_verified": false,
        "line_number": 12
      },
      {
        "type": "Hex High Entropy String",
        "filename": "infrastructure/terraform/.terraform.lock.hcl",
        "hashed_secret": "f97d8b1e677d7ebf45071dba856ff971ad44d61c",
        "is_verified": false,
        "line_number": 13
      },
      {
        "type": "Hex High Entropy String",
        "filename": "infrastructure/terraform/.terraform.lock.hcl",
        "hashed_secret": "07399ce7166d1f1977c598c36dcd33fc46526ad0",
        "is_verified": false,
        "line_number": 14
      },
      {
        "type": "Hex High Entropy String",
        "filename": "infrastructure/terraform/.terraform.lock.hcl",
        "hashed_secret": "bb52a2e47d1d2aaea45315d01daef00a5a2d7872",
        "is_verified": false,
        "line_number": 15
      },
      {
        "type": "Hex High Entropy String",
        "filename": "infrastructure/terraform/.terraform.lock.hcl",
        "hashed_secret": "94500db8cf7ce8a35816bd5bedcbd4c71fe348bd",
        "is_verified": false,
        "line_number": 16
      },
      {
        "type": "Hex High Entropy String",
        "filename": "infrastructure/terraform/.terraform.lock.hcl",
        "hashed_secret": "62c7b532e21d645d06a5425fb4590f466c9ccbc1",
        "is_verified": false,
        "line_number": 17
      },
      {
        "type": "Hex High Entropy String",
        "filename": "infrastructure/terraform/.terraform.lock.hcl",
        "hashed_secret": "a43f7623316948a160e2baf86c1fbc9c36584150",
        "is_verified": false,
        "line_number": 18
      },
      {
        "type": "Hex High Entropy String",
        "filename": "infrastructure/terraform/.terraform.lock.hcl",
        "hashed_secret": "60a1b6268b7364d1bc17ae26a679ce033f125349",
        "is_verified": false,
        "line_number": 19
      },
      {
        "type": "Hex High Entropy String",
        "filename": "infrastructure/terraform/.terraform.lock.hcl",
        "hashed_secret": "b69e0a550d897ccfca4c97c674d79b9d0e48f352",
        "is_verified": false,
        "line_number": 20
      },
      {
        "type": "Hex High Entropy String",
        "filename": "infrastructure/terraform/.terraform.lock.hcl",
        "hashed_secret": "d07925e179fcbb63434ec8f539b950a6ebfe9102",
        "is_verified": false,
        "line_number": 21
      },
      {
        "type": "Hex High Entropy String",
        "filename": "infrastructure/terraform/.terraform.lock.hcl",
        "hashed_secret": "943281f36a55601a8f62da4424c1c23da5ff4d20",
        "is_verified": false,
        "line_number": 22
      },
      {
        "type": "Hex High Entropy String",
        "filename": "infrastructure/terraform/.terraform.lock.hcl",
        "hashed_secret": "e966d1a70fc254688b68b9194ed13a15f63dd3cf",
        "is_verified": false,
        "line_number": 23
      }
    ],
    "infrastructure/terraform/README.md": [
      {
        "type": "Secret Keyword",
        "filename": "infrastructure/terraform/README.md",
        "hashed_secret": "3314e146e4ddee31ce1e7b137ab14d2232f1568b",
        "is_verified": false,
        "line_number": 117
      },
      {
        "type": "Secret Keyword",
        "filename": "infrastructure/terraform/README.md",
        "hashed_secret": "4e396cf493bd8b4ab4c82c53f844e9b3fb8ac16a",
        "is_verified": false,
        "line_number": 167
      }
    ],
    "infrastructure/terraform/bootstrap/.terraform.lock.hcl": [
      {
        "type": "Base64 High Entropy String",
        "filename": "infrastructure/terraform/bootstrap/.terraform.lock.hcl",
        "hashed_secret": "106a655d226feff72b382ef4899aa939e8d655e2",
        "is_verified": false,
        "line_number": 8
      },
      {
        "type": "Hex High Entropy String",
        "filename": "infrastructure/terraform/bootstrap/.terraform.lock.hcl",
        "hashed_secret": "3493dc8187673dfbcda5316fb1acc653a740e774",
        "is_verified": false,
        "line_number": 9
      },
      {
        "type": "Hex High Entropy String",
        "filename": "infrastructure/terraform/bootstrap/.terraform.lock.hcl",
        "hashed_secret": "70ba07aa231810419e6287b3547dcbb8b0997653",
        "is_verified": false,
        "line_number": 10
      },
      {
        "type": "Hex High Entropy String",
        "filename": "infrastructure/terraform/bootstrap/.terraform.lock.hcl",
        "hashed_secret": "d8e90471b08b93e4ed59972e65f648b7a15ea394",
        "is_verified": false,
        "line_number": 11
      },
      {
        "type": "Hex High Entropy String",
        "filename": "infrastructure/terraform/bootstrap/.terraform.lock.hcl",
        "hashed_secret": "4dd08c2565bbefe9062a8d49897bcdc45479c9e4",
        "is_verified": false,
        "line_number": 12
      },
      {
        "type": "Hex High Entropy String",
        "filename": "infrastructure/terraform/bootstrap/.terraform.lock.hcl",
        "hashed_secret": "f97d8b1e677d7ebf45071dba856ff971ad44d61c",
        "is_verified": false,
        "line_number": 13
      },
      {
        "type": "Hex High Entropy String",
        "filename": "infrastructure/terraform/bootstrap/.terraform.lock.hcl",
        "hashed_secret": "07399ce7166d1f1977c598c36dcd33fc46526ad0",
        "is_verified": false,
        "line_number": 14
      },
      {
        "type": "Hex High Entropy String",
        "filename": "infrastructure/terraform/bootstrap/.terraform.lock.hcl",
        "hashed_secret": "bb52a2e47d1d2aaea45315d01daef00a5a2d7872",
        "is_verified": false,
        "line_number": 15
      },
      {
        "type": "Hex High Entropy String",
        "filename": "infrastructure/terraform/bootstrap/.terraform.lock.hcl",
        "hashed_secret": "94500db8cf7ce8a35816bd5bedcbd4c71fe348bd",
        "is_verified": false,
        "line_number": 16
      },
      {
        "type": "Hex High Entropy String",
        "filename": "infrastructure/terraform/bootstrap/.terraform.lock.hcl",
        "hashed_secret": "62c7b532e21d645d06a5425fb4590f466c9ccbc1",
        "is_verified": false,
        "line_number": 17
      },
      {
        "type": "Hex High Entropy String",
        "filename": "infrastructure/terraform/bootstrap/.terraform.lock.hcl",
        "hashed_secret": "a43f7623316948a160e2baf86c1fbc9c36584150",
        "is_verified": false,
        "line_number": 18
      },
      {
        "type": "Hex High Entropy String",
        "filename": "infrastructure/terraform/bootstrap/.terraform.lock.hcl",
        "hashed_secret": "60a1b6268b7364d1bc17ae26a679ce033f125349",
        "is_verified": false,
        "line_number": 19
      },
      {
        "type": "Hex High Entropy String",
        "filename": "infrastructure/terraform/bootstrap/.terraform.lock.hcl",
        "hashed_secret": "b69e0a550d897ccfca4c97c674d79b9d0e48f352",
        "is_verified": false,
        "line_number": 20
      },
      {
        "type": "Hex High Entropy String",
        "filename": "infrastructure/terraform/bootstrap/.terraform.lock.hcl",
        "hashed_secret": "d07925e179fcbb63434ec8f539b950a6ebfe9102",
        "is_verified": false,
        "line_number": 21
      },
      {
        "type": "Hex High Entropy String",
        "filename": "infrastructure/terraform/bootstrap/.terraform.lock.hcl",
        "hashed_secret": "943281f36a55601a8f62da4424c1c23da5ff4d20",
        "is_verified": false,
        "line_number": 22
      },
      {
        "type": "Hex High Entropy String",
        "filename": "infrastructure/terraform/bootstrap/.terraform.lock.hcl",
        "hashed_secret": "e966d1a70fc254688b68b9194ed13a15f63dd3cf",
        "is_verified": false,
        "line_number": 23
      }
    ],
    "infrastructure/terraform/main.tf": [
      {
        "type": "Secret Keyword",
        "filename": "infrastructure/terraform/main.tf",
        "hashed_secret": "516fcd88b9b044f795da65ac7b3fcc6a08a9efb6",
        "is_verified": false,
        "line_number": 87
      },
      {
        "type": "Secret Keyword",
        "filename": "infrastructure/terraform/main.tf",
        "hashed_secret": "c625470e69b98be56003ec7242df77d9b8722f69",
        "is_verified": false,
        "line_number": 89
      },
      {
        "type": "Secret Keyword",
        "filename": "infrastructure/terraform/main.tf",
        "hashed_secret": "7167750a66202fc9228e8f52c3b08155fd96f5b3",
        "is_verified": false,
        "line_number": 280
      },
      {
        "type": "Secret Keyword",
        "filename": "infrastructure/terraform/main.tf",
        "hashed_secret": "a270761b71ed12a324af44ca2001c2fa9956c081",
        "is_verified": false,
        "line_number": 281
      },
      {
        "type": "Secret Keyword",
        "filename": "infrastructure/terraform/main.tf",
        "hashed_secret": "b87ef46728e5f05b794d4a53160d0acfa3a3ebc3",
        "is_verified": false,
        "line_number": 282
      },
      {
        "type": "Secret Keyword",
        "filename": "infrastructure/terraform/main.tf",
        "hashed_secret": "46cdf7f26e553dc4f7e4b8d7c0b4ee4dfc649597",
        "is_verified": false,
        "line_number": 398
      },
      {
        "type": "Secret Keyword",
        "filename": "infrastructure/terraform/main.tf",
        "hashed_secret": "da254bcf6d8ced082b9f19bd3070f769bdd2ab69",
        "is_verified": false,
        "line_number": 399
      },
      {
        "type": "Secret Keyword",
        "filename": "infrastructure/terraform/main.tf",
        "hashed_secret": "a59b585137030ec34f202961de9e512dd850cb87",
        "is_verified": false,
        "line_number": 400
      }
    ],
    "infrastructure/terraform/modules/cloudfront/.terraform.lock.hcl": [
      {
        "type": "Base64 High Entropy String",
        "filename": "infrastructure/terraform/modules/cloudfront/.terraform.lock.hcl",
        "hashed_secret": "29cf79c6f7d753d3851f0e2e3b96eeec6d36f56f",
        "is_verified": false,
        "line_number": 7
      },
      {
        "type": "Hex High Entropy String",
        "filename": "infrastructure/terraform/modules/cloudfront/.terraform.lock.hcl",
        "hashed_secret": "156a103039708a38559e89be6fa553a5e6185f62",
        "is_verified": false,
        "line_number": 8
      },
      {
        "type": "Hex High Entropy String",
        "filename": "infrastructure/terraform/modules/cloudfront/.terraform.lock.hcl",
        "hashed_secret": "b7ba3453691859e1631cdc81a07beb4808b7b866",
        "is_verified": false,
        "line_number": 9
      },
      {
        "type": "Hex High Entropy String",
        "filename": "infrastructure/terraform/modules/cloudfront/.terraform.lock.hcl",
        "hashed_secret": "159d3a64de25e128cf2aa65d5719072a8a2bfff6",
        "is_verified": false,
        "line_number": 10
      },
      {
        "type": "Hex High Entropy String",
        "filename": "infrastructure/terraform/modules/cloudfront/.terraform.lock.hcl",
        "hashed_secret": "b2a4d94d3e824e548f94f8130d918cc5e1edc2e3",
        "is_verified": false,
        "line_number": 11
      },
      {
        "type": "Hex High Entropy String",
        "filename": "infrastructure/terraform/modules/cloudfront/.terraform.lock.hcl",
        "hashed_secret": "9d3029a4199631d7025b448a261eefed507aa97c",
        "is_verified": false,
        "line_number": 12
      },
      {
        "type": "Hex High Entropy String",
        "filename": "infrastructure/terraform/modules/cloudfront/.terraform.lock.hcl",
        "hashed_secret": "68032c04967050e393de92f4c2d112982f84e4d5",
        "is_verified": false,
        "line_number": 13
      },
      {
        "type": "Hex High Entropy String",
        "filename": "infrastructure/terraform/modules/cloudfront/.terraform.lock.hcl",
        "hashed_secret": "88455811d6267affc8c2097a5b1b5a0ee1618f8c",
        "is_verified": false,
        "line_number": 14
      },
      {
        "type": "Hex High Entropy String",
        "filename": "infrastructure/terraform/modules/cloudfront/.terraform.lock.hcl",
        "hashed_secret": "bb52a2e47d1d2aaea45315d01daef00a5a2d7872",
        "is_verified": false,
        "line_number": 15
      },
      {
        "type": "Hex High Entropy String",
        "filename": "infrastructure/terraform/modules/cloudfront/.terraform.lock.hcl",
        "hashed_secret": "6a6f9cd8ab6e8a4f1dcf2b73cdf733033e3364b7",
        "is_verified": false,
        "line_number": 16
      },
      {
        "type": "Hex High Entropy String",
        "filename": "infrastructure/terraform/modules/cloudfront/.terraform.lock.hcl",
        "hashed_secret": "27502209cbe568d8645fefaa65a2bbfec6fef4e9",
        "is_verified": false,
        "line_number": 17
      },
      {
        "type": "Hex High Entropy String",
        "filename": "infrastructure/terraform/modules/cloudfront/.terraform.lock.hcl",
        "hashed_secret": "265ed4150a36ac80a34efa6a4a04753b74c23f2f",
        "is_verified": false,
        "line_number": 18
      },
      {
        "type": "Hex High Entropy String",
        "filename": "infrastructure/terraform/modules/cloudfront/.terraform.lock.hcl",
        "hashed_secret": "d40852d8eb389d1b369a008a6a92ea470ac6befa",
        "is_verified": false,
        "line_number": 19
      },
      {
        "type": "Hex High Entropy String",
        "filename": "infrastructure/terraform/modules/cloudfront/.terraform.lock.hcl",
        "hashed_secret": "c245550cb93e4bc55daba3c0025a92edf9018185",
        "is_verified": false,
        "line_number": 20
      },
      {
        "type": "Hex High Entropy String",
        "filename": "infrastructure/terraform/modules/cloudfront/.terraform.lock.hcl",
        "hashed_secret": "c63b80fe0256e15020ec490d4072d511efbff034",
        "is_verified": false,
        "line_number": 21
      },
      {
        "type": "Hex High Entropy String",
        "filename": "infrastructure/terraform/modules/cloudfront/.terraform.lock.hcl",
        "hashed_secret": "38a99c6e1c983cf73f1312197cb7814e8c313403",
        "is_verified": false,
        "line_number": 22
      }
    ],
    "infrastructure/terraform/modules/cloudwatch-rum/.terraform.lock.hcl": [
      {
        "type": "Base64 High Entropy String",
        "filename": "infrastructure/terraform/modules/cloudwatch-rum/.terraform.lock.hcl",
        "hashed_secret": "29cf79c6f7d753d3851f0e2e3b96eeec6d36f56f",
        "is_verified": false,
        "line_number": 7
      },
      {
        "type": "Hex High Entropy String",
        "filename": "infrastructure/terraform/modules/cloudwatch-rum/.terraform.lock.hcl",
        "hashed_secret": "156a103039708a38559e89be6fa553a5e6185f62",
        "is_verified": false,
        "line_number": 8
      },
      {
        "type": "Hex High Entropy String",
        "filename": "infrastructure/terraform/modules/cloudwatch-rum/.terraform.lock.hcl",
        "hashed_secret": "b7ba3453691859e1631cdc81a07beb4808b7b866",
        "is_verified": false,
        "line_number": 9
      },
      {
        "type": "Hex High Entropy String",
        "filename": "infrastructure/terraform/modules/cloudwatch-rum/.terraform.lock.hcl",
        "hashed_secret": "159d3a64de25e128cf2aa65d5719072a8a2bfff6",
        "is_verified": false,
        "line_number": 10
      },
      {
        "type": "Hex High Entropy String",
        "filename": "infrastructure/terraform/modules/cloudwatch-rum/.terraform.lock.hcl",
        "hashed_secret": "b2a4d94d3e824e548f94f8130d918cc5e1edc2e3",
        "is_verified": false,
        "line_number": 11
      },
      {
        "type": "Hex High Entropy String",
        "filename": "infrastructure/terraform/modules/cloudwatch-rum/.terraform.lock.hcl",
        "hashed_secret": "9d3029a4199631d7025b448a261eefed507aa97c",
        "is_verified": false,
        "line_number": 12
      },
      {
        "type": "Hex High Entropy String",
        "filename": "infrastructure/terraform/modules/cloudwatch-rum/.terraform.lock.hcl",
        "hashed_secret": "68032c04967050e393de92f4c2d112982f84e4d5",
        "is_verified": false,
        "line_number": 13
      },
      {
        "type": "Hex High Entropy String",
        "filename": "infrastructure/terraform/modules/cloudwatch-rum/.terraform.lock.hcl",
        "hashed_secret": "88455811d6267affc8c2097a5b1b5a0ee1618f8c",
        "is_verified": false,
        "line_number": 14
      },
      {
        "type": "Hex High Entropy String",
        "filename": "infrastructure/terraform/modules/cloudwatch-rum/.terraform.lock.hcl",
        "hashed_secret": "bb52a2e47d1d2aaea45315d01daef00a5a2d7872",
        "is_verified": false,
        "line_number": 15
      },
      {
        "type": "Hex High Entropy String",
        "filename": "infrastructure/terraform/modules/cloudwatch-rum/.terraform.lock.hcl",
        "hashed_secret": "6a6f9cd8ab6e8a4f1dcf2b73cdf733033e3364b7",
        "is_verified": false,
        "line_number": 16
      },
      {
        "type": "Hex High Entropy String",
        "filename": "infrastructure/terraform/modules/cloudwatch-rum/.terraform.lock.hcl",
        "hashed_secret": "27502209cbe568d8645fefaa65a2bbfec6fef4e9",
        "is_verified": false,
        "line_number": 17
      },
      {
        "type": "Hex High Entropy String",
        "filename": "infrastructure/terraform/modules/cloudwatch-rum/.terraform.lock.hcl",
        "hashed_secret": "265ed4150a36ac80a34efa6a4a04753b74c23f2f",
        "is_verified": false,
        "line_number": 18
      },
      {
        "type": "Hex High Entropy String",
        "filename": "infrastructure/terraform/modules/cloudwatch-rum/.terraform.lock.hcl",
        "hashed_secret": "d40852d8eb389d1b369a008a6a92ea470ac6befa",
        "is_verified": false,
        "line_number": 19
      },
      {
        "type": "Hex High Entropy String",
        "filename": "infrastructure/terraform/modules/cloudwatch-rum/.terraform.lock.hcl",
        "hashed_secret": "c245550cb93e4bc55daba3c0025a92edf9018185",
        "is_verified": false,
        "line_number": 20
      },
      {
        "type": "Hex High Entropy String",
        "filename": "infrastructure/terraform/modules/cloudwatch-rum/.terraform.lock.hcl",
        "hashed_secret": "c63b80fe0256e15020ec490d4072d511efbff034",
        "is_verified": false,
        "line_number": 21
      },
      {
        "type": "Hex High Entropy String",
        "filename": "infrastructure/terraform/modules/cloudwatch-rum/.terraform.lock.hcl",
        "hashed_secret": "38a99c6e1c983cf73f1312197cb7814e8c313403",
        "is_verified": false,
        "line_number": 22
      }
    ],
    "infrastructure/terraform/modules/cognito/.terraform.lock.hcl": [
      {
        "type": "Base64 High Entropy String",
        "filename": "infrastructure/terraform/modules/cognito/.terraform.lock.hcl",
        "hashed_secret": "29cf79c6f7d753d3851f0e2e3b96eeec6d36f56f",
        "is_verified": false,
        "line_number": 7
      },
      {
        "type": "Hex High Entropy String",
        "filename": "infrastructure/terraform/modules/cognito/.terraform.lock.hcl",
        "hashed_secret": "156a103039708a38559e89be6fa553a5e6185f62",
        "is_verified": false,
        "line_number": 8
      },
      {
        "type": "Hex High Entropy String",
        "filename": "infrastructure/terraform/modules/cognito/.terraform.lock.hcl",
        "hashed_secret": "b7ba3453691859e1631cdc81a07beb4808b7b866",
        "is_verified": false,
        "line_number": 9
      },
      {
        "type": "Hex High Entropy String",
        "filename": "infrastructure/terraform/modules/cognito/.terraform.lock.hcl",
        "hashed_secret": "159d3a64de25e128cf2aa65d5719072a8a2bfff6",
        "is_verified": false,
        "line_number": 10
      },
      {
        "type": "Hex High Entropy String",
        "filename": "infrastructure/terraform/modules/cognito/.terraform.lock.hcl",
        "hashed_secret": "b2a4d94d3e824e548f94f8130d918cc5e1edc2e3",
        "is_verified": false,
        "line_number": 11
      },
      {
        "type": "Hex High Entropy String",
        "filename": "infrastructure/terraform/modules/cognito/.terraform.lock.hcl",
        "hashed_secret": "9d3029a4199631d7025b448a261eefed507aa97c",
        "is_verified": false,
        "line_number": 12
      },
      {
        "type": "Hex High Entropy String",
        "filename": "infrastructure/terraform/modules/cognito/.terraform.lock.hcl",
        "hashed_secret": "68032c04967050e393de92f4c2d112982f84e4d5",
        "is_verified": false,
        "line_number": 13
      },
      {
        "type": "Hex High Entropy String",
        "filename": "infrastructure/terraform/modules/cognito/.terraform.lock.hcl",
        "hashed_secret": "88455811d6267affc8c2097a5b1b5a0ee1618f8c",
        "is_verified": false,
        "line_number": 14
      },
      {
        "type": "Hex High Entropy String",
        "filename": "infrastructure/terraform/modules/cognito/.terraform.lock.hcl",
        "hashed_secret": "bb52a2e47d1d2aaea45315d01daef00a5a2d7872",
        "is_verified": false,
        "line_number": 15
      },
      {
        "type": "Hex High Entropy String",
        "filename": "infrastructure/terraform/modules/cognito/.terraform.lock.hcl",
        "hashed_secret": "6a6f9cd8ab6e8a4f1dcf2b73cdf733033e3364b7",
        "is_verified": false,
        "line_number": 16
      },
      {
        "type": "Hex High Entropy String",
        "filename": "infrastructure/terraform/modules/cognito/.terraform.lock.hcl",
        "hashed_secret": "27502209cbe568d8645fefaa65a2bbfec6fef4e9",
        "is_verified": false,
        "line_number": 17
      },
      {
        "type": "Hex High Entropy String",
        "filename": "infrastructure/terraform/modules/cognito/.terraform.lock.hcl",
        "hashed_secret": "265ed4150a36ac80a34efa6a4a04753b74c23f2f",
        "is_verified": false,
        "line_number": 18
      },
      {
        "type": "Hex High Entropy String",
        "filename": "infrastructure/terraform/modules/cognito/.terraform.lock.hcl",
        "hashed_secret": "d40852d8eb389d1b369a008a6a92ea470ac6befa",
        "is_verified": false,
        "line_number": 19
      },
      {
        "type": "Hex High Entropy String",
        "filename": "infrastructure/terraform/modules/cognito/.terraform.lock.hcl",
        "hashed_secret": "c245550cb93e4bc55daba3c0025a92edf9018185",
        "is_verified": false,
        "line_number": 20
      },
      {
        "type": "Hex High Entropy String",
        "filename": "infrastructure/terraform/modules/cognito/.terraform.lock.hcl",
        "hashed_secret": "c63b80fe0256e15020ec490d4072d511efbff034",
        "is_verified": false,
        "line_number": 21
      },
      {
        "type": "Hex High Entropy String",
        "filename": "infrastructure/terraform/modules/cognito/.terraform.lock.hcl",
        "hashed_secret": "38a99c6e1c983cf73f1312197cb7814e8c313403",
        "is_verified": false,
        "line_number": 22
      }
    ],
    "infrastructure/terraform/modules/cognito/github.tf": [
      {
        "type": "Secret Keyword",
        "filename": "infrastructure/terraform/modules/cognito/github.tf",
        "hashed_secret": "df3521448ce88be7ead2c6de39e666c5625a54e5",
        "is_verified": false,
        "line_number": 19
      },
      {
        "type": "Secret Keyword",
        "filename": "infrastructure/terraform/modules/cognito/github.tf",
        "hashed_secret": "77507f95efd6f7c5fa018636bf78bf35361c3753",
        "is_verified": false,
        "line_number": 24
      }
    ],
    "infrastructure/terraform/modules/cognito/google.tf": [
      {
        "type": "Secret Keyword",
        "filename": "infrastructure/terraform/modules/cognito/google.tf",
        "hashed_secret": "993b7509c89b10f88687efb9567e7f3e2a2b6764",
        "is_verified": false,
        "line_number": 17
      }
    ],
    "infrastructure/terraform/modules/cognito/main.tf": [
      {
        "type": "Secret Keyword",
        "filename": "infrastructure/terraform/modules/cognito/main.tf",
        "hashed_secret": "b5491604676952d7a50a1f490d8298d974e196dd",
        "is_verified": false,
        "line_number": 106
      },
      {
        "type": "Secret Keyword",
        "filename": "infrastructure/terraform/modules/cognito/main.tf",
        "hashed_secret": "0176a696ed4a4f9deeca3771daedaebd3261bb3c",
        "is_verified": false,
        "line_number": 108
      },
      {
        "type": "Secret Keyword",
        "filename": "infrastructure/terraform/modules/cognito/main.tf",
        "hashed_secret": "5aedee0964c6b2b3fc2c57843d266e138c2f128a",
        "is_verified": false,
        "line_number": 111
      },
      {
        "type": "Secret Keyword",
        "filename": "infrastructure/terraform/modules/cognito/main.tf",
        "hashed_secret": "5548ae4f34cbb6e30414532924e2088d915b460f",
        "is_verified": false,
        "line_number": 113
      },
      {
        "type": "Secret Keyword",
        "filename": "infrastructure/terraform/modules/cognito/main.tf",
        "hashed_secret": "7cb6efb98ba5972a9b5090dc2e517fe14d12cb04",
        "is_verified": false,
        "line_number": 117
      },
      {
        "type": "Secret Keyword",
        "filename": "infrastructure/terraform/modules/cognito/main.tf",
        "hashed_secret": "5ffe533b830f08a0326348a9160afafc8ada44db",
        "is_verified": false,
        "line_number": 136
      }
    ],
    "infrastructure/terraform/modules/secrets/main.tf": [
      {
        "type": "Secret Keyword",
        "filename": "infrastructure/terraform/modules/secrets/main.tf",
        "hashed_secret": "d3393d2454aec00c74cdeffd633631660f2c6fc1",
        "is_verified": false,
        "line_number": 201
      },
      {
        "type": "Secret Keyword",
        "filename": "infrastructure/terraform/modules/secrets/main.tf",
        "hashed_secret": "07350c0c781304be579ae752b79252b4729ae61d",
        "is_verified": false,
        "line_number": 205
      },
      {
        "type": "Secret Keyword",
        "filename": "infrastructure/terraform/modules/secrets/main.tf",
        "hashed_secret": "1b3dae6634b7ebf476bd99c516f9ead10a0ecfa6",
        "is_verified": false,
        "line_number": 211
      },
      {
        "type": "Secret Keyword",
        "filename": "infrastructure/terraform/modules/secrets/main.tf",
        "hashed_secret": "0bdd32928b319327bf1d3e937d6b08c7dc1a8047",
        "is_verified": false,
        "line_number": 215
      },
      {
        "type": "Secret Keyword",
        "filename": "infrastructure/terraform/modules/secrets/main.tf",
        "hashed_secret": "5a8bd2c99f4aefcad20b8f7e305da8db9c17e641",
        "is_verified": false,
        "line_number": 219
      },
      {
        "type": "Secret Keyword",
        "filename": "infrastructure/terraform/modules/secrets/main.tf",
        "hashed_secret": "081f42a23935fc8adc09e5c3c0487acd5d7861d3",
        "is_verified": false,
        "line_number": 223
      }
    ],
    "pyproject.toml": [
      {
        "type": "Secret Keyword",
        "filename": "pyproject.toml",
        "hashed_secret": "2c035ac06add3f441d7b835885958b03deac3d50",
        "is_verified": false,
        "line_number": 110
      }
    ],
    "scripts/setup-github-secrets.sh": [
      {
        "type": "AWS Access Key",
        "filename": "scripts/setup-github-secrets.sh",
        "hashed_secret": "25910f981e85ca04baf359199dd0bd4a3ae738b6",
        "is_verified": false,
        "line_number": 109
      },
      {
        "type": "Base64 High Entropy String",
        "filename": "scripts/setup-github-secrets.sh",
        "hashed_secret": "d70eab08607a4d05faa2d0d6647206599e9abc65",
        "is_verified": false,
        "line_number": 113
      }
    ],
    "specs/001-interactive-dashboard-demo/ON_CALL_SOP.md": [
      {
        "type": "Secret Keyword",
        "filename": "specs/001-interactive-dashboard-demo/ON_CALL_SOP.md",
        "hashed_secret": "2140f5305fb2c1f519dd31a716166c97956185b6",
        "is_verified": false,
        "line_number": 239
      }
    ],
    "specs/001-interactive-dashboard-demo/SECURITY_REVIEW.md": [
      {
        "type": "Secret Keyword",
        "filename": "specs/001-interactive-dashboard-demo/SECURITY_REVIEW.md",
        "hashed_secret": "6367c48dd193d56ea7b0baad25b19455e529f5ee",
        "is_verified": false,
        "line_number": 212
      }
    ],
    "specs/001-interactive-dashboard-demo/quickstart.md": [
      {
        "type": "Secret Keyword",
        "filename": "specs/001-interactive-dashboard-demo/quickstart.md",
        "hashed_secret": "a8253456364f1bfc7da7ae4a1db5b45d106317a5",
        "is_verified": false,
        "line_number": 62
      }
    ],
    "specs/001-interactive-dashboard-demo/tasks.md": [
      {
        "type": "Secret Keyword",
        "filename": "specs/001-interactive-dashboard-demo/tasks.md",
        "hashed_secret": "c73d62410aea8fbf52b7fe7cfaf2d44674d727a2",
        "is_verified": false,
        "line_number": 450
      }
    ],
    "specs/006-user-config-dashboard/contracts/auth-api.md": [
      {
        "type": "Secret Keyword",
        "filename": "specs/006-user-config-dashboard/contracts/auth-api.md",
        "hashed_secret": "a25ffbc5ea4ac3feb8ece96934496fdce681d29e",
        "is_verified": false,
        "line_number": 131
      }
    ],
    "specs/006-user-config-dashboard/quickstart.md": [
      {
        "type": "Secret Keyword",
        "filename": "specs/006-user-config-dashboard/quickstart.md",
        "hashed_secret": "f4bd37ba60c10958ceda8e9c77b44404035e07a0",
        "is_verified": false,
        "line_number": 111
      }
    ],
    "specs/014-session-consistency/contracts/session-api-v2.yaml": [
      {
        "type": "Secret Keyword",
        "filename": "specs/014-session-consistency/contracts/session-api-v2.yaml",
        "hashed_secret": "f54e4d5d5559bbad1a03af6aa096f9d490809947",
        "is_verified": false,
        "line_number": 397
      },
      {
        "type": "Secret Keyword",
        "filename": "specs/014-session-consistency/contracts/session-api-v2.yaml",
        "hashed_secret": "91f3daf3d90e4252b58e22f206508cf7e10ef806",
        "is_verified": false,
        "line_number": 500
      }
    ],
    "specs/014-session-consistency/data-model.md": [
      {
        "type": "Secret Keyword",
        "filename": "specs/014-session-consistency/data-model.md",
        "hashed_secret": "403a3440fb5ebc9eca6dcf754d7b6ad8a1dc6b13",
        "is_verified": false,
        "line_number": 245
      }
    ],
    "specs/015-sse-endpoint-fix/quickstart.md": [
      {
        "type": "Base64 High Entropy String",
        "filename": "specs/015-sse-endpoint-fix/quickstart.md",
        "hashed_secret": "ee4f340902af2de116500baf5615c01ff21c9a14",
        "is_verified": false,
        "line_number": 76
      }
    ],
    "specs/072-market-data-ingestion/contracts/news-item.schema.json": [
      {
        "type": "Hex High Entropy String",
        "filename": "specs/072-market-data-ingestion/contracts/news-item.schema.json",
        "hashed_secret": "7d611324dce1fc40552531e9410a7b4ac3c5d42d",
        "is_verified": false,
        "line_number": 122
      }
    ],
    "src/dashboard/chaos.html": [
      {
        "type": "Base64 High Entropy String",
        "filename": "src/dashboard/chaos.html",
        "hashed_secret": "d17e048536709d159fb2d529376241788c83ca24",
        "is_verified": false,
        "line_number": 20
      }
    ],
    "src/dashboard/index.html": [
      {
        "type": "Base64 High Entropy String",
        "filename": "src/dashboard/index.html",
        "hashed_secret": "edbdc8fcef998738d86d6c384dda6510d6febceb",
        "is_verified": false,
        "line_number": 9
      }
    ],
    "src/lib/deduplication.py": [
      {
        "type": "Hex High Entropy String",
        "filename": "src/lib/deduplication.py",
        "hashed_secret": "90bd1b48e958257948487b90bee080ba5ed00caa",
        "is_verified": false,
        "line_number": 164
      }
    ],
    "tests/conftest.py": [
      {
        "type": "Secret Keyword",
        "filename": "tests/conftest.py",
        "hashed_secret": "74ba31d41223751c75cc0a453dd7df04889bdc72",
        "is_verified": false,
        "line_number": 95
      },
      {
        "type": "Secret Keyword",
        "filename": "tests/conftest.py",
        "hashed_secret": "dc724af18fbdd4e59189f5fe768a5f8311527050",
        "is_verified": false,
        "line_number": 126
      }
    ],
    "tests/contract/test_magic_link_api.py": [
      {
        "type": "Secret Keyword",
        "filename": "tests/contract/test_magic_link_api.py",
        "hashed_secret": "823a5b05853c42ef86fa4b4173cd623fad6c9bd9",
        "is_verified": false,
        "line_number": 108
      },
      {
        "type": "Secret Keyword",
        "filename": "tests/contract/test_magic_link_api.py",
        "hashed_secret": "bf313a2a5e1b61328a53483ab9b9388e857485a6",
        "is_verified": false,
        "line_number": 171
      }
    ],
    "tests/contract/test_oauth_api.py": [
      {
        "type": "Secret Keyword",
        "filename": "tests/contract/test_oauth_api.py",
        "hashed_secret": "823a5b05853c42ef86fa4b4173cd623fad6c9bd9",
        "is_verified": false,
        "line_number": 119
      },
      {
        "type": "Secret Keyword",
        "filename": "tests/contract/test_oauth_api.py",
        "hashed_secret": "a25ffbc5ea4ac3feb8ece96934496fdce681d29e",
        "is_verified": false,
        "line_number": 153
      },
      {
        "type": "Base64 High Entropy String",
        "filename": "tests/contract/test_oauth_api.py",
        "hashed_secret": "c15cada32b9adb998e40929ed757ae7bf69bfd00",
        "is_verified": false,
        "line_number": 211
      },
      {
        "type": "Secret Keyword",
        "filename": "tests/contract/test_oauth_api.py",
        "hashed_secret": "c15cada32b9adb998e40929ed757ae7bf69bfd00",
        "is_verified": false,
        "line_number": 211
      },
      {
        "type": "Secret Keyword",
        "filename": "tests/contract/test_oauth_api.py",
        "hashed_secret": "21fd9124f7a62050657794b5603f88a20421786e",
        "is_verified": false,
        "line_number": 212
      }
    ],
    "tests/contract/test_session_api.py": [
      {
        "type": "Secret Keyword",
        "filename": "tests/contract/test_session_api.py",
        "hashed_secret": "a25ffbc5ea4ac3feb8ece96934496fdce681d29e",
        "is_verified": false,
        "line_number": 288
      }
    ],
    "tests/contract/test_session_api_v2.py": [
      {
        "type": "JSON Web Token",
        "filename": "tests/contract/test_session_api_v2.py",
        "hashed_secret": "35798d99abce9b13c030f080777396137e6a624d",
        "is_verified": false,
        "line_number": 158
      },
      {
        "type": "Secret Keyword",
        "filename": "tests/contract/test_session_api_v2.py",
        "hashed_secret": "35798d99abce9b13c030f080777396137e6a624d",
        "is_verified": false,
        "line_number": 158
      }
    ],
    "tests/contract/test_token_refresh_api.py": [
      {
        "type": "Secret Keyword",
        "filename": "tests/contract/test_token_refresh_api.py",
        "hashed_secret": "823a5b05853c42ef86fa4b4173cd623fad6c9bd9",
        "is_verified": false,
        "line_number": 18
      },
      {
        "type": "Secret Keyword",
        "filename": "tests/contract/test_token_refresh_api.py",
        "hashed_secret": "a25ffbc5ea4ac3feb8ece96934496fdce681d29e",
        "is_verified": false,
        "line_number": 47
      },
      {
        "type": "Secret Keyword",
        "filename": "tests/contract/test_token_refresh_api.py",
        "hashed_secret": "37d56de1d9fb344176e6d956e6c37bf95783985e",
        "is_verified": false,
        "line_number": 195
      }
    ],
    "tests/e2e/test_auth_magic_link.py": [
      {
        "type": "Secret Keyword",
        "filename": "tests/e2e/test_auth_magic_link.py",
        "hashed_secret": "47c43e180a81ecb176a31584b63d830c0819d750",
        "is_verified": false,
        "line_number": 165
      }
    ],
    "tests/e2e/test_auth_oauth.py": [
      {
        "type": "Secret Keyword",
        "filename": "tests/e2e/test_auth_oauth.py",
        "hashed_secret": "2ff2dfe36322448c6953616740a910be57bbd4ca",
        "is_verified": false,
        "line_number": 211
      },
      {
        "type": "Secret Keyword",
        "filename": "tests/e2e/test_auth_oauth.py",
        "hashed_secret": "846dac32af7992f8ed35fde17a3c128903ff7836",
        "is_verified": false,
        "line_number": 324
      }
    ],
    "tests/e2e/test_full_pipeline.py": [
      {
        "type": "Secret Keyword",
        "filename": "tests/e2e/test_full_pipeline.py",
        "hashed_secret": "74ba31d41223751c75cc0a453dd7df04889bdc72",
        "is_verified": false,
        "line_number": 39
      },
      {
        "type": "Secret Keyword",
        "filename": "tests/e2e/test_full_pipeline.py",
        "hashed_secret": "f3c627c3d01230d55f4f094beb29186a474b5431",
        "is_verified": false,
        "line_number": 40
      }
    ],
    "tests/integration/conftest.py": [
      {
        "type": "Secret Keyword",
        "filename": "tests/integration/conftest.py",
        "hashed_secret": "a94a8fe5ccb19ba61c4c0873d391e987982fbbd3",
        "is_verified": false,
        "line_number": 55
      }
    ],
    "tests/integration/test_dashboard_dev.py": [
      {
        "type": "Secret Keyword",
        "filename": "tests/integration/test_dashboard_dev.py",
        "hashed_secret": "74ba31d41223751c75cc0a453dd7df04889bdc72",
        "is_verified": false,
        "line_number": 34
      }
    ],
    "tests/integration/test_us2_magic_link.py": [
      {
        "type": "Secret Keyword",
        "filename": "tests/integration/test_us2_magic_link.py",
        "hashed_secret": "9c1dfda22e843d1b77322b257cbe3851b77cb051",
        "is_verified": false,
        "line_number": 45
      }
    ],
    "tests/integration/test_us2_oauth.py": [
      {
        "type": "Secret Keyword",
        "filename": "tests/integration/test_us2_oauth.py",
        "hashed_secret": "03f5e2d670af3e9183f3fe790785b0d41291a17d",
        "is_verified": false,
        "line_number": 44
      },
      {
        "type": "Secret Keyword",
        "filename": "tests/integration/test_us2_oauth.py",
        "hashed_secret": "43dc7c7a225cfb67dc4712833f09a09aa0b07e1a",
        "is_verified": false,
        "line_number": 113
      },
      {
        "type": "Secret Keyword",
        "filename": "tests/integration/test_us2_oauth.py",
        "hashed_secret": "e5938d48d99a73e921092349a31e00969af7a31e",
        "is_verified": false,
        "line_number": 114
      },
      {
        "type": "Secret Keyword",
        "filename": "tests/integration/test_us2_oauth.py",
        "hashed_secret": "634f2b83ef53275d26f840ab5c7c7738d401ec3d",
        "is_verified": false,
        "line_number": 115
      },
      {
        "type": "Secret Keyword",
        "filename": "tests/integration/test_us2_oauth.py",
        "hashed_secret": "2c035ac06add3f441d7b835885958b03deac3d50",
        "is_verified": false,
        "line_number": 117
      },
      {
        "type": "Secret Keyword",
        "filename": "tests/integration/test_us2_oauth.py",
        "hashed_secret": "95923a45f8560e7badc91843546da7a62e9ab51e",
        "is_verified": false,
        "line_number": 169
      },
      {
        "type": "Secret Keyword",
        "filename": "tests/integration/test_us2_oauth.py",
        "hashed_secret": "9750ec34ea86367076d14733915c7ee5d62858d3",
        "is_verified": false,
        "line_number": 170
      },
      {
        "type": "Secret Keyword",
        "filename": "tests/integration/test_us2_oauth.py",
        "hashed_secret": "67b14e746655c8dea81e61603f0def3da59fbd92",
        "is_verified": false,
        "line_number": 171
      },
      {
        "type": "Secret Keyword",
        "filename": "tests/integration/test_us2_oauth.py",
        "hashed_secret": "a25ffbc5ea4ac3feb8ece96934496fdce681d29e",
        "is_verified": false,
        "line_number": 222
      }
    ],
    "tests/unit/ingestion/test_storage.py": [
      {
        "type": "Hex High Entropy String",
        "filename": "tests/unit/ingestion/test_storage.py",
        "hashed_secret": "7d611324dce1fc40552531e9410a7b4ac3c5d42d",
        "is_verified": false,
        "line_number": 77
      },
      {
        "type": "Hex High Entropy String",
        "filename": "tests/unit/ingestion/test_storage.py",
        "hashed_secret": "9ba3976849ae234b03024616eaef8c0e045fb662",
        "is_verified": false,
        "line_number": 196
      }
    ],
    "tests/unit/interview/test_traffic_generator.py": [
      {
        "type": "Secret Keyword",
        "filename": "tests/unit/interview/test_traffic_generator.py",
        "hashed_secret": "6367c48dd193d56ea7b0baad25b19455e529f5ee",
        "is_verified": false,
        "line_number": 338
      },
      {
        "type": "Secret Keyword",
        "filename": "tests/unit/interview/test_traffic_generator.py",
        "hashed_secret": "f04a07abc612388d70e270d19f9f5db7a27290fc",
        "is_verified": false,
        "line_number": 360
      },
      {
        "type": "Secret Keyword",
        "filename": "tests/unit/interview/test_traffic_generator.py",
        "hashed_secret": "e7c4d1ba7ce017155823536efd57843fa15ef759",
        "is_verified": false,
        "line_number": 512
      },
      {
        "type": "Secret Keyword",
        "filename": "tests/unit/interview/test_traffic_generator.py",
        "hashed_secret": "28e2bca89d8c60c5115a5b9e6663519ec2c9903c",
        "is_verified": false,
        "line_number": 561
      }
    ],
    "tests/unit/lambdas/dashboard/test_auth_us2.py": [
      {
        "type": "JSON Web Token",
        "filename": "tests/unit/lambdas/dashboard/test_auth_us2.py",
        "hashed_secret": "39a9e1397c75ba2dc09b012805fd2c0101960b8b",
        "is_verified": false,
        "line_number": 268
      },
      {
        "type": "Secret Keyword",
        "filename": "tests/unit/lambdas/dashboard/test_auth_us2.py",
        "hashed_secret": "39a9e1397c75ba2dc09b012805fd2c0101960b8b",
        "is_verified": false,
        "line_number": 268
      },
      {
        "type": "Secret Keyword",
        "filename": "tests/unit/lambdas/dashboard/test_auth_us2.py",
        "hashed_secret": "2ff2dfe36322448c6953616740a910be57bbd4ca",
        "is_verified": false,
        "line_number": 269
      },
      {
        "type": "Secret Keyword",
        "filename": "tests/unit/lambdas/dashboard/test_auth_us2.py",
        "hashed_secret": "4c82f23d91a75961f4d08134fc5ad0dfe6a4c36a",
        "is_verified": false,
        "line_number": 270
      },
      {
        "type": "Secret Keyword",
        "filename": "tests/unit/lambdas/dashboard/test_auth_us2.py",
        "hashed_secret": "519296a42b21aaab64c1d2bfaae19f0237ed639d",
        "is_verified": false,
        "line_number": 340
      },
      {
        "type": "Secret Keyword",
        "filename": "tests/unit/lambdas/dashboard/test_auth_us2.py",
        "hashed_secret": "559160bac5fa223417aaffe3769fb47bbf6e6cd1",
        "is_verified": false,
        "line_number": 341
      }
    ],
    "tests/unit/lambdas/notification/test_sendgrid_service.py": [
      {
        "type": "Secret Keyword",
        "filename": "tests/unit/lambdas/notification/test_sendgrid_service.py",
        "hashed_secret": "2f26ff75b10c553aedf3912ac38f040b359768fb",
        "is_verified": false,
        "line_number": 29
      },
      {
        "type": "Secret Keyword",
        "filename": "tests/unit/lambdas/notification/test_sendgrid_service.py",
        "hashed_secret": "2e7a7ee14caebf378fc32d6cf6f557f347c96773",
        "is_verified": false,
        "line_number": 31
      },
      {
        "type": "Secret Keyword",
        "filename": "tests/unit/lambdas/notification/test_sendgrid_service.py",
        "hashed_secret": "7404bf53050fa8be3cc3bd5f71500c90af110a46",
        "is_verified": false,
        "line_number": 41
      },
      {
        "type": "Secret Keyword",
        "filename": "tests/unit/lambdas/notification/test_sendgrid_service.py",
        "hashed_secret": "6f6ca38fb263e9c88d9787d9f543c884aadcda98",
        "is_verified": false,
        "line_number": 43
      },
      {
        "type": "Secret Keyword",
        "filename": "tests/unit/lambdas/notification/test_sendgrid_service.py",
        "hashed_secret": "dff6d4ff5dc357cf451d1855ab9cbda562645c9f",
        "is_verified": false,
        "line_number": 53
      },
      {
        "type": "Secret Keyword",
        "filename": "tests/unit/lambdas/notification/test_sendgrid_service.py",
        "hashed_secret": "1a4f100f870efdd9e777fffbd5de1a10bbb8ecae",
        "is_verified": false,
        "line_number": 298
      },
      {
        "type": "Secret Keyword",
        "filename": "tests/unit/lambdas/notification/test_sendgrid_service.py",
        "hashed_secret": "101c2c71c67c8b1a88310ad4b5352913d0095c16",
        "is_verified": false,
        "line_number": 308
      },
      {
        "type": "Secret Keyword",
        "filename": "tests/unit/lambdas/notification/test_sendgrid_service.py",
        "hashed_secret": "863fbebe1a13a119cd31013e944d55626706d77e",
        "is_verified": false,
        "line_number": 346
      }
    ],
    "tests/unit/lambdas/shared/auth/test_cognito.py": [
      {
        "type": "Secret Keyword",
        "filename": "tests/unit/lambdas/shared/auth/test_cognito.py",
        "hashed_secret": "ab2bf873e7a77f787d5c8b53d196c659cd146497",
        "is_verified": false,
        "line_number": 34
      },
      {
        "type": "Secret Keyword",
        "filename": "tests/unit/lambdas/shared/auth/test_cognito.py",
        "hashed_secret": "691eec380e8aca14c540159b8a5d1e3625ea96ce",
        "is_verified": false,
        "line_number": 138
      },
      {
        "type": "Secret Keyword",
        "filename": "tests/unit/lambdas/shared/auth/test_cognito.py",
        "hashed_secret": "7f2bc25df3afe0d69f71bd6170547cea55cc229c",
        "is_verified": false,
        "line_number": 139
      },
      {
        "type": "Secret Keyword",
        "filename": "tests/unit/lambdas/shared/auth/test_cognito.py",
        "hashed_secret": "e2a0a5dfc858e6996773b3d99be1924440546784",
        "is_verified": false,
        "line_number": 143
      },
      {
        "type": "Secret Keyword",
        "filename": "tests/unit/lambdas/shared/auth/test_cognito.py",
        "hashed_secret": "2c035ac06add3f441d7b835885958b03deac3d50",
        "is_verified": false,
        "line_number": 147
      },
      {
        "type": "Secret Keyword",
        "filename": "tests/unit/lambdas/shared/auth/test_cognito.py",
        "hashed_secret": "87ea5dfc8b8e384d848979496e706390b497e547",
        "is_verified": false,
        "line_number": 152
      },
      {
        "type": "Secret Keyword",
        "filename": "tests/unit/lambdas/shared/auth/test_cognito.py",
        "hashed_secret": "0f12541afcce175fb34bb05a79c95b76e765488b",
        "is_verified": false,
        "line_number": 153
      },
      {
        "type": "Secret Keyword",
        "filename": "tests/unit/lambdas/shared/auth/test_cognito.py",
        "hashed_secret": "519296a42b21aaab64c1d2bfaae19f0237ed639d",
        "is_verified": false,
        "line_number": 277
      },
      {
        "type": "Secret Keyword",
        "filename": "tests/unit/lambdas/shared/auth/test_cognito.py",
        "hashed_secret": "559160bac5fa223417aaffe3769fb47bbf6e6cd1",
        "is_verified": false,
        "line_number": 278
      }
    ],
    "tests/unit/middleware/test_jwt_validation.py": [
      {
        "type": "Secret Keyword",
        "filename": "tests/unit/middleware/test_jwt_validation.py",
        "hashed_secret": "a4de59c1dc8af485058416b905966c82b9ed1b03",
        "is_verified": false,
        "line_number": 22
      },
      {
        "type": "Secret Keyword",
        "filename": "tests/unit/middleware/test_jwt_validation.py",
        "hashed_secret": "325778ab9d49a6df7bc13a83563bec2de2a84c95",
        "is_verified": false,
        "line_number": 65
      }
    ],
    "tests/unit/notification/test_handler.py": [
      {
        "type": "Hex High Entropy String",
        "filename": "tests/unit/notification/test_handler.py",
        "hashed_secret": "90bd1b48e958257948487b90bee080ba5ed00caa",
        "is_verified": false,
        "line_number": 246
      },
      {
        "type": "Secret Keyword",
        "filename": "tests/unit/notification/test_handler.py",
        "hashed_secret": "90bd1b48e958257948487b90bee080ba5ed00caa",
        "is_verified": false,
        "line_number": 246
      },
      {
        "type": "Secret Keyword",
        "filename": "tests/unit/notification/test_handler.py",
        "hashed_secret": "6367c48dd193d56ea7b0baad25b19455e529f5ee",
        "is_verified": false,
        "line_number": 260
      }
    ],
    "tests/unit/notification/test_sendgrid_service.py": [
      {
        "type": "Secret Keyword",
        "filename": "tests/unit/notification/test_sendgrid_service.py",
        "hashed_secret": "445d043ab00c07c335f7ff4fb7116284cf167f24",
        "is_verified": false,
        "line_number": 23
      },
      {
        "type": "Secret Keyword",
        "filename": "tests/unit/notification/test_sendgrid_service.py",
        "hashed_secret": "919fa7d0a70fb5320ecba30098a70d56f4d74991",
        "is_verified": false,
        "line_number": 38
      },
      {
        "type": "Secret Keyword",
        "filename": "tests/unit/notification/test_sendgrid_service.py",
        "hashed_secret": "7404bf53050fa8be3cc3bd5f71500c90af110a46",
        "is_verified": false,
        "line_number": 54
      },
      {
        "type": "Secret Keyword",
        "filename": "tests/unit/notification/test_sendgrid_service.py",
        "hashed_secret": "86f6c898cd3733a92bc453f232e7b67fec9222a2",
        "is_verified": false,
        "line_number": 56
      },
      {
        "type": "Secret Keyword",
        "filename": "tests/unit/notification/test_sendgrid_service.py",
        "hashed_secret": "64b6a81f99d76d6f19292a8849bee2e7387658bc",
        "is_verified": false,
        "line_number": 64
      },
      {
        "type": "Secret Keyword",
        "filename": "tests/unit/notification/test_sendgrid_service.py",
        "hashed_secret": "d20f613a39e630c766d36383718b1815bfd6ccd5",
        "is_verified": false,
        "line_number": 67
      },
      {
        "type": "Secret Keyword",
        "filename": "tests/unit/notification/test_sendgrid_service.py",
        "hashed_secret": "f319b80cb57421322bfa5c39bf1c5e1ba010f0ff",
        "is_verified": false,
        "line_number": 76
      },
      {
        "type": "Secret Keyword",
        "filename": "tests/unit/notification/test_sendgrid_service.py",
        "hashed_secret": "ab22d5902402663540ad07d3ade5303ac2b3544c",
        "is_verified": false,
        "line_number": 79
      }
    ],
    "tests/unit/shared/adapters/test_finnhub.py": [
      {
        "type": "Secret Keyword",
        "filename": "tests/unit/shared/adapters/test_finnhub.py",
        "hashed_secret": "2e7a7ee14caebf378fc32d6cf6f557f347c96773",
        "is_verified": false,
        "line_number": 24
      },
      {
        "type": "Secret Keyword",
        "filename": "tests/unit/shared/adapters/test_finnhub.py",
        "hashed_secret": "61ba747fe2f5b3d513c40550084c6284fbbc1094",
        "is_verified": false,
        "line_number": 33
      },
      {
        "type": "Secret Keyword",
        "filename": "tests/unit/shared/adapters/test_finnhub.py",
        "hashed_secret": "a94a8fe5ccb19ba61c4c0873d391e987982fbbd3",
        "is_verified": false,
        "line_number": 302
      }
    ],
    "tests/unit/shared/adapters/test_tiingo.py": [
      {
        "type": "Secret Keyword",
        "filename": "tests/unit/shared/adapters/test_tiingo.py",
        "hashed_secret": "2e7a7ee14caebf378fc32d6cf6f557f347c96773",
        "is_verified": false,
        "line_number": 24
      },
      {
        "type": "Secret Keyword",
        "filename": "tests/unit/shared/adapters/test_tiingo.py",
        "hashed_secret": "61ba747fe2f5b3d513c40550084c6284fbbc1094",
        "is_verified": false,
        "line_number": 33
      },
      {
        "type": "Secret Keyword",
        "filename": "tests/unit/shared/adapters/test_tiingo.py",
        "hashed_secret": "a94a8fe5ccb19ba61c4c0873d391e987982fbbd3",
        "is_verified": false,
        "line_number": 262
      }
    ],
    "tests/unit/shared/middleware/test_hcaptcha.py": [
      {
        "type": "Secret Keyword",
        "filename": "tests/unit/shared/middleware/test_hcaptcha.py",
        "hashed_secret": "4571fa221ae4ee3bf893b25fe65ed79cbb753f18",
        "is_verified": false,
        "line_number": 138
      }
    ],
    "tests/unit/test_analysis_handler.py": [
      {
        "type": "Secret Keyword",
        "filename": "tests/unit/test_analysis_handler.py",
        "hashed_secret": "dc724af18fbdd4e59189f5fe768a5f8311527050",
        "is_verified": false,
        "line_number": 42
      }
    ],
    "tests/unit/test_deduplication.py": [
      {
        "type": "Hex High Entropy String",
        "filename": "tests/unit/test_deduplication.py",
        "hashed_secret": "90bd1b48e958257948487b90bee080ba5ed00caa",
        "is_verified": false,
        "line_number": 205
      }
    ],
    "tests/unit/test_dynamodb_helpers.py": [
      {
        "type": "Secret Keyword",
        "filename": "tests/unit/test_dynamodb_helpers.py",
        "hashed_secret": "dc724af18fbdd4e59189f5fe768a5f8311527050",
        "is_verified": false,
        "line_number": 42
      }
    ],
    "tests/unit/test_errors.py": [
      {
        "type": "Secret Keyword",
        "filename": "tests/unit/test_errors.py",
        "hashed_secret": "fd9f1a0712b49577d714dd1a2c3b8ee055376ddd",
        "is_verified": false,
        "line_number": 310
      }
    ],
    "tests/unit/test_ingestion_config.py": [
      {
        "type": "Secret Keyword",
        "filename": "tests/unit/test_ingestion_config.py",
        "hashed_secret": "445d043ab00c07c335f7ff4fb7116284cf167f24",
        "is_verified": false,
        "line_number": 152
      }
    ],
    "tests/unit/test_logging_utils.py": [
      {
        "type": "Secret Keyword",
        "filename": "tests/unit/test_logging_utils.py",
        "hashed_secret": "f2b14f68eb995facb3a1c35287b778d5bd785511",
        "is_verified": false,
        "line_number": 100
      },
      {
        "type": "Secret Keyword",
        "filename": "tests/unit/test_logging_utils.py",
        "hashed_secret": "6367c48dd193d56ea7b0baad25b19455e529f5ee",
        "is_verified": false,
        "line_number": 107
      },
      {
        "type": "Secret Keyword",
        "filename": "tests/unit/test_logging_utils.py",
        "hashed_secret": "997a12e291b8c9a393928b1356a4e9d6568f54a8",
        "is_verified": false,
        "line_number": 113
      },
      {
        "type": "Secret Keyword",
        "filename": "tests/unit/test_logging_utils.py",
        "hashed_secret": "e5e9fa1ba31ecd1ae84f75caaa474f3a663f05f4",
        "is_verified": false,
        "line_number": 119
      },
      {
        "type": "Secret Keyword",
        "filename": "tests/unit/test_logging_utils.py",
        "hashed_secret": "3b96880b8e11758bbf9796b9cd90aaa3ab4bab6e",
        "is_verified": false,
        "line_number": 129
      }
    ],
    "tests/unit/test_metrics.py": [
      {
        "type": "Secret Keyword",
        "filename": "tests/unit/test_metrics.py",
        "hashed_secret": "dc724af18fbdd4e59189f5fe768a5f8311527050",
        "is_verified": false,
        "line_number": 45
      }
    ],
    "tests/unit/test_metrics_handler.py": [
      {
        "type": "Secret Keyword",
        "filename": "tests/unit/test_metrics_handler.py",
        "hashed_secret": "dc724af18fbdd4e59189f5fe768a5f8311527050",
        "is_verified": false,
        "line_number": 41
      }
    ],
    "tests/unit/test_notifications.py": [
      {
        "type": "Secret Keyword",
        "filename": "tests/unit/test_notifications.py",
        "hashed_secret": "233243ef95e736679cb1d5664a4c71ba89c10664",
        "is_verified": false,
        "line_number": 325
      },
      {
        "type": "Secret Keyword",
        "filename": "tests/unit/test_notifications.py",
        "hashed_secret": "72cb70dbbafe97e5ea13ad88acd65d08389439b0",
        "is_verified": false,
        "line_number": 356
      }
    ],
    "tests/unit/test_secrets.py": [
      {
        "type": "Secret Keyword",
        "filename": "tests/unit/test_secrets.py",
        "hashed_secret": "dc724af18fbdd4e59189f5fe768a5f8311527050",
        "is_verified": false,
        "line_number": 43
      },
      {
        "type": "Secret Keyword",
        "filename": "tests/unit/test_secrets.py",
        "hashed_secret": "16c300390229c5f0d1199e4484e3661d947037e3",
        "is_verified": false,
        "line_number": 78
      },
      {
        "type": "Secret Keyword",
        "filename": "tests/unit/test_secrets.py",
        "hashed_secret": "da944ba0e0984f05a9bd924db56f8b610335c3b7",
        "is_verified": false,
        "line_number": 80
      },
      {
        "type": "Secret Keyword",
        "filename": "tests/unit/test_secrets.py",
        "hashed_secret": "8a49ec12eebb38c86e2bc19e8305b59bcb2af8ff",
        "is_verified": false,
        "line_number": 114
      },
      {
        "type": "Secret Keyword",
        "filename": "tests/unit/test_secrets.py",
        "hashed_secret": "15add5ee35df47155ff8bcb792487f82940733d4",
        "is_verified": false,
        "line_number": 131
      },
      {
        "type": "Secret Keyword",
        "filename": "tests/unit/test_secrets.py",
        "hashed_secret": "ae20ccedfffba6d0a9826f988ae941c26d528f5b",
        "is_verified": false,
        "line_number": 155
      },
      {
        "type": "Secret Keyword",
        "filename": "tests/unit/test_secrets.py",
        "hashed_secret": "3333c5961791c287028366581ad76d921ca61cad",
        "is_verified": false,
        "line_number": 172
      },
      {
        "type": "Secret Keyword",
        "filename": "tests/unit/test_secrets.py",
        "hashed_secret": "1f107c5e6dd7bd5b6cac283794e35b200bde7ef7",
        "is_verified": false,
        "line_number": 351
      }
    ]
  },
  "generated_at": "2025-12-12T22:08:51Z"
}
