{
  "version": "1.5.45",
  "plugins_used": [
    {
      "name": "ArtifactoryDetector"
    },
    {
      "name": "AWSKeyDetector"
    },
    {
      "name": "AzureStorageKeyDetector"
    },
    {
      "name": "Base64HighEntropyString",
      "limit": 4.5
    },
    {
      "name": "BasicAuthDetector"
    },
    {
      "name": "CloudantDetector"
    },
    {
      "name": "DiscordBotTokenDetector"
    },
    {
      "name": "GitHubTokenDetector"
    },
    {
      "name": "HexHighEntropyString",
      "limit": 3.0
    },
    {
      "name": "IbmCloudIamDetector"
    },
    {
      "name": "IbmCosHmacDetector"
    },
    {
      "name": "JwtTokenDetector"
    },
    {
      "name": "KeywordDetector",
      "keyword_exclude": ""
    },
    {
      "name": "MailchimpDetector"
    },
    {
      "name": "NpmDetector"
    },
    {
      "name": "PrivateKeyDetector"
    },
    {
      "name": "SendGridDetector"
    },
    {
      "name": "SlackDetector"
    },
    {
      "name": "SoftlayerDetector"
    },
    {
      "name": "SquareOAuthDetector"
    },
    {
      "name": "StripeDetector"
    },
    {
      "name": "TwilioKeyDetector"
    }
  ],
  "filters_used": [
    {
      "path": "detect_secrets.filters.allowlist.is_line_allowlisted"
    },
    {
      "path": "detect_secrets.filters.common.is_baseline_file",
      "filename": ".secrets.baseline"
    },
    {
      "path": "detect_secrets.filters.common.is_ignored_due_to_verification_policies",
      "min_level": 2
    },
    {
      "path": "detect_secrets.filters.heuristic.is_indirect_reference"
    },
    {
      "path": "detect_secrets.filters.heuristic.is_likely_id_string"
    },
    {
      "path": "detect_secrets.filters.heuristic.is_lock_file"
    },
    {
      "path": "detect_secrets.filters.heuristic.is_not_alphanumeric_string"
    },
    {
      "path": "detect_secrets.filters.heuristic.is_potential_uuid"
    },
    {
      "path": "detect_secrets.filters.heuristic.is_prefixed_with_dollar_sign"
    },
    {
      "path": "detect_secrets.filters.heuristic.is_sequential_string"
    },
    {
      "path": "detect_secrets.filters.heuristic.is_swagger_file"
    },
    {
      "path": "detect_secrets.filters.heuristic.is_templated_secret"
    },
    {
      "path": "detect_secrets.filters.regex.should_exclude_file",
      "pattern": [
        "^tests/.*",
        "\\.secrets\\.baseline$"
      ]
    }
  ],
  "results": {
    ".github/workflows/deploy.yml": [
      {
        "type": "Secret Keyword",
        "filename": ".github/workflows/deploy.yml",
        "hashed_secret": "dc724af18fbdd4e59189f5fe768a5f8311527050",
        "is_verified": false,
        "line_number": 445,
        "is_added": false,
        "is_removed": false
      }
    ],
    ".github/workflows/pr-checks.yml": [
      {
        "type": "Secret Keyword",
        "filename": ".github/workflows/pr-checks.yml",
        "hashed_secret": "03949ed2d94d19eba0e056d0445af62debbd851a",
        "is_verified": false,
        "line_number": 212,
        "is_added": false,
        "is_removed": false
      }
    ],
    ".specify/specs/ohlc-cache-remediation-tests.md": [
      {
        "type": "Secret Keyword",
        "filename": ".specify/specs/ohlc-cache-remediation-tests.md",
        "hashed_secret": "1e62aa6805652fbab9b8fe12e0232fb79af36b72",
        "is_verified": false,
        "line_number": 815,
        "is_added": false,
        "is_removed": false
      },
      {
        "type": "Secret Keyword",
        "filename": ".specify/specs/ohlc-cache-remediation-tests.md",
        "hashed_secret": "8499788c5f13f2f6bb6ae1e8c85af056e4cbf3b6",
        "is_verified": false,
        "line_number": 816,
        "is_added": false,
        "is_removed": false
      }
    ],
    "CONTRIBUTING.md": [
      {
        "type": "Secret Keyword",
        "filename": "CONTRIBUTING.md",
        "hashed_secret": "a44deac9fda7e2d6f5f26a2f40f6856199fa3762",
        "is_verified": false,
        "line_number": 494,
        "is_added": false,
        "is_removed": false
      },
      {
        "type": "Secret Keyword",
        "filename": "CONTRIBUTING.md",
        "hashed_secret": "a94a8fe5ccb19ba61c4c0873d391e987982fbbd3",
        "is_verified": false,
        "line_number": 498,
        "is_added": false,
        "is_removed": false
      }
    ],
    "SPEC.md": [
      {
        "type": "Secret Keyword",
        "filename": "SPEC.md",
        "hashed_secret": "cbbf875e2b2962bea4b662a726545c81b01d5d8e",
        "is_verified": false,
        "line_number": 99,
        "is_added": false,
        "is_removed": false
      }
    ],
    "docs/archive/CONTAINER_MIGRATION_SECURITY_ANALYSIS.md": [
      {
        "type": "AWS Access Key",
        "filename": "docs/archive/CONTAINER_MIGRATION_SECURITY_ANALYSIS.md",
        "hashed_secret": "25910f981e85ca04baf359199dd0bd4a3ae738b6",
        "is_verified": false,
        "line_number": 1519,
        "is_added": false,
        "is_removed": false
      }
    ],
    "docs/archive/PREPROD_HTTP_502_ROOT_CAUSE.md": [
      {
        "type": "Secret Keyword",
        "filename": "docs/archive/PREPROD_HTTP_502_ROOT_CAUSE.md",
        "hashed_secret": "cbbf875e2b2962bea4b662a726545c81b01d5d8e",
        "is_verified": false,
        "line_number": 79,
        "is_added": false,
        "is_removed": false
      }
    ],
    "docs/archive/sri-methodology.md": [
      {
        "type": "Base64 High Entropy String",
        "filename": "docs/archive/sri-methodology.md",
        "hashed_secret": "edbdc8fcef998738d86d6c384dda6510d6febceb",
        "is_verified": false,
        "line_number": 50,
        "is_added": false,
        "is_removed": false
      },
      {
        "type": "Base64 High Entropy String",
        "filename": "docs/archive/sri-methodology.md",
        "hashed_secret": "d17e048536709d159fb2d529376241788c83ca24",
        "is_verified": false,
        "line_number": 56,
        "is_added": false,
        "is_removed": false
      }
    ],
    "docs/deployment/DEPLOYMENT.md": [
      {
        "type": "Secret Keyword",
        "filename": "docs/deployment/DEPLOYMENT.md",
        "hashed_secret": "409a4b58d81c4356e148bb80dac22c62d9e42815",
        "is_verified": false,
        "line_number": 45,
        "is_added": false,
        "is_removed": false
      },
      {
        "type": "Secret Keyword",
        "filename": "docs/deployment/DEPLOYMENT.md",
        "hashed_secret": "d12c24b75b5919c85fbc7d9c076f15915fee925c",
        "is_verified": false,
        "line_number": 50,
        "is_added": false,
        "is_removed": false
      },
      {
        "type": "Secret Keyword",
        "filename": "docs/deployment/DEPLOYMENT.md",
        "hashed_secret": "70455558702bad17c2716d5960e7ce314069c0c0",
        "is_verified": false,
        "line_number": 55,
        "is_added": false,
        "is_removed": false
      },
      {
        "type": "Secret Keyword",
        "filename": "docs/deployment/DEPLOYMENT.md",
        "hashed_secret": "92d61340371584156e74c456325081310bd079f8",
        "is_verified": false,
        "line_number": 291,
        "is_added": false,
        "is_removed": false
      }
    ],
    "docs/deployment/PROMOTION_WORKFLOW_DESIGN.md": [
      {
        "type": "Secret Keyword",
        "filename": "docs/deployment/PROMOTION_WORKFLOW_DESIGN.md",
        "hashed_secret": "23d62d0971edaaff12bd7b64c7da76fe0118d67f",
        "is_verified": false,
        "line_number": 151,
        "is_added": false,
        "is_removed": false
      },
      {
        "type": "Secret Keyword",
        "filename": "docs/deployment/PROMOTION_WORKFLOW_DESIGN.md",
        "hashed_secret": "6a5cb82cba461cdf46ceac23493734994772e008",
        "is_verified": false,
        "line_number": 156,
        "is_added": false,
        "is_removed": false
      },
      {
        "type": "Secret Keyword",
        "filename": "docs/deployment/PROMOTION_WORKFLOW_DESIGN.md",
        "hashed_secret": "0ac7e4f6de27e05b6e0a9c58c4caa461fded04f1",
        "is_verified": false,
        "line_number": 530,
        "is_added": false,
        "is_removed": false
      },
      {
        "type": "Secret Keyword",
        "filename": "docs/deployment/PROMOTION_WORKFLOW_DESIGN.md",
        "hashed_secret": "e8a5ea717616c418f010284e2248f6ad0ce1559b",
        "is_verified": false,
        "line_number": 537,
        "is_added": false,
        "is_removed": false
      },
      {
        "type": "Secret Keyword",
        "filename": "docs/deployment/PROMOTION_WORKFLOW_DESIGN.md",
        "hashed_secret": "095e9f62ef9e9bdd723915fb4ab0bd98af9c71fd",
        "is_verified": false,
        "line_number": 551,
        "is_added": false,
        "is_removed": false
      },
      {
        "type": "Secret Keyword",
        "filename": "docs/deployment/PROMOTION_WORKFLOW_DESIGN.md",
        "hashed_secret": "d1bad46bd1f262809565685df8f9ef64bdbeee8e",
        "is_verified": false,
        "line_number": 554,
        "is_added": false,
        "is_removed": false
      },
      {
        "type": "Base64 High Entropy String",
        "filename": "docs/deployment/PROMOTION_WORKFLOW_DESIGN.md",
        "hashed_secret": "2c6518bff0b87455a1eae2c8ea4b42a2aa3241d4",
        "is_verified": false,
        "line_number": 713,
        "is_added": false,
        "is_removed": false
      }
    ],
    "docs/reference/TECH_DEBT_REGISTRY.md": [
      {
        "type": "Secret Keyword",
        "filename": "docs/reference/TECH_DEBT_REGISTRY.md",
        "hashed_secret": "74ba31d41223751c75cc0a453dd7df04889bdc72",
        "is_verified": false,
        "line_number": 57,
        "is_added": false,
        "is_removed": false
      }
    ],
    "docs/security/CREDENTIAL-ROTATION.md": [
      {
        "type": "Secret Keyword",
        "filename": "docs/security/CREDENTIAL-ROTATION.md",
        "hashed_secret": "80ddcbaddc153d0ceea8e1d0e3e24f62bb626cfc",
        "is_verified": false,
        "line_number": 282,
        "is_added": false,
        "is_removed": false
      },
      {
        "type": "Secret Keyword",
        "filename": "docs/security/CREDENTIAL-ROTATION.md",
        "hashed_secret": "5ef3af6cd9b5aa907fa618fac829baaec6763b42",
        "is_verified": false,
        "line_number": 283,
        "is_added": false,
        "is_removed": false
      }
    ],
    "docs/security/IAM-ROLES.md": [
      {
        "type": "AWS Access Key",
        "filename": "docs/security/IAM-ROLES.md",
        "hashed_secret": "25910f981e85ca04baf359199dd0bd4a3ae738b6",
        "is_verified": false,
        "line_number": 449,
        "is_added": false,
        "is_removed": false
      }
    ],
    "docs/setup/WORKSPACE_SETUP.md": [
      {
        "type": "Secret Keyword",
        "filename": "docs/setup/WORKSPACE_SETUP.md",
        "hashed_secret": "77b8e25ce2e4ed9829baa8eb340a152554bee11f",
        "is_verified": false,
        "line_number": 361,
        "is_added": false,
        "is_removed": false
      }
    ],
    "docs/testing/CHAOS_TESTING_OPERATOR_GUIDE.md": [
      {
        "type": "Secret Keyword",
        "filename": "docs/testing/CHAOS_TESTING_OPERATOR_GUIDE.md",
        "hashed_secret": "aecdccc1cf64595b34e0cc152d238daabb32183a",
        "is_verified": false,
        "line_number": 54,
        "is_added": false,
        "is_removed": false
      }
    ],
    "frontend/src/components/auth/magic-link-form.tsx": [
      {
        "type": "Secret Keyword",
        "filename": "frontend/src/components/auth/magic-link-form.tsx",
        "hashed_secret": "22c3502d3bfb459fac8b974cd38585ff9bedb785",
        "is_verified": false,
        "line_number": 42,
        "is_added": false,
        "is_removed": false
      }
    ],
    "frontend/src/lib/constants.ts": [
      {
        "type": "Secret Keyword",
        "filename": "frontend/src/lib/constants.ts",
        "hashed_secret": "5b3e3451c442b314e0ac805536fcd2d81e0e79a7",
        "is_verified": false,
        "line_number": 40,
        "is_added": false,
        "is_removed": false
      }
    ],
    "frontend/tests/e2e/PLAYWRIGHT_RESEARCH_CHECKLIST.md": [
      {
        "type": "Secret Keyword",
        "filename": "frontend/tests/e2e/PLAYWRIGHT_RESEARCH_CHECKLIST.md",
        "hashed_secret": "22c3502d3bfb459fac8b974cd38585ff9bedb785",
        "is_verified": false,
        "line_number": 58,
        "is_added": false,
        "is_removed": false
      }
    ],
    "frontend/tests/e2e/chaos-keyboard-a11y.spec.ts": [
      {
        "type": "Secret Keyword",
        "filename": "frontend/tests/e2e/chaos-keyboard-a11y.spec.ts",
        "hashed_secret": "952126445ce2a76f56c2683733d5f9a872f37aef",
        "is_verified": false,
        "line_number": 108,
        "is_added": false,
        "is_removed": false
      }
    ],
    "frontend/tests/e2e/chart-edge-cases.spec.ts": [
      {
        "type": "Secret Keyword",
        "filename": "frontend/tests/e2e/chart-edge-cases.spec.ts",
        "hashed_secret": "66c33315e34fd92f99811ad5b05508fbab37cb77",
        "is_verified": false,
        "line_number": 22,
        "is_added": false,
        "is_removed": false
      }
    ],
    "frontend/tests/e2e/helpers/auth-helper.ts": [
      {
        "type": "Secret Keyword",
        "filename": "frontend/tests/e2e/helpers/auth-helper.ts",
        "hashed_secret": "bf9bbd301fb67152ca0b5db620673b0321bcd3f2",
        "is_verified": false,
        "line_number": 153,
        "is_added": false,
        "is_removed": false
      },
      {
        "type": "Secret Keyword",
        "filename": "frontend/tests/e2e/helpers/auth-helper.ts",
        "hashed_secret": "3d13182d18fb49d779d88546aa73bfb4fedb60f6",
        "is_verified": false,
        "line_number": 202,
        "is_added": false,
        "is_removed": false
      }
    ],
    "frontend/tests/e2e/helpers/mock-api-data.ts": [
      {
        "type": "Secret Keyword",
        "filename": "frontend/tests/e2e/helpers/mock-api-data.ts",
        "hashed_secret": "66c33315e34fd92f99811ad5b05508fbab37cb77",
        "is_verified": false,
        "line_number": 198,
        "is_added": false,
        "is_removed": false
      }
    ],
    "frontend/tests/unit/stores/auth-store-degradation.test.ts": [
      {
        "type": "Secret Keyword",
        "filename": "frontend/tests/unit/stores/auth-store-degradation.test.ts",
        "hashed_secret": "03b7b2baff66570fd08c7543c0a7d4a2a8658bda",
        "is_verified": false,
        "line_number": 46,
        "is_added": false,
        "is_removed": false
      },
      {
        "type": "Secret Keyword",
        "filename": "frontend/tests/unit/stores/auth-store-degradation.test.ts",
        "hashed_secret": "4dda0f28d8f74c276185fe75b126ef54a7f67ff1",
        "is_verified": false,
        "line_number": 47,
        "is_added": false,
        "is_removed": false
      },
      {
        "type": "Secret Keyword",
        "filename": "frontend/tests/unit/stores/auth-store-degradation.test.ts",
        "hashed_secret": "b0ab5024ae9700bcc410dbd0f1e3f77bca20575e",
        "is_verified": false,
        "line_number": 48,
        "is_added": false,
        "is_removed": false
      },
      {
        "type": "Secret Keyword",
        "filename": "frontend/tests/unit/stores/auth-store-degradation.test.ts",
        "hashed_secret": "ee6c46b3b0874da1d14219ec5f496ee190cb50c4",
        "is_verified": false,
        "line_number": 127,
        "is_added": false,
        "is_removed": false
      },
      {
        "type": "Secret Keyword",
        "filename": "frontend/tests/unit/stores/auth-store-degradation.test.ts",
        "hashed_secret": "df43349e7213136cb905f92c31d40bec995c93d5",
        "is_verified": false,
        "line_number": 128,
        "is_added": false,
        "is_removed": false
      },
      {
        "type": "Secret Keyword",
        "filename": "frontend/tests/unit/stores/auth-store-degradation.test.ts",
        "hashed_secret": "61c3f13f1b7fffd4a8e6ff9a190a14406491e9e3",
        "is_verified": false,
        "line_number": 186,
        "is_added": false,
        "is_removed": false
      }
    ],
    "frontend/tests/unit/stores/auth-store-session-init.test.ts": [
      {
        "type": "Secret Keyword",
        "filename": "frontend/tests/unit/stores/auth-store-session-init.test.ts",
        "hashed_secret": "c88062badce022be4fe2b7705875f11a22f45d03",
        "is_verified": false,
        "line_number": 52,
        "is_added": false,
        "is_removed": false
      },
      {
        "type": "Secret Keyword",
        "filename": "frontend/tests/unit/stores/auth-store-session-init.test.ts",
        "hashed_secret": "29303b633d410b7ec3ff83ffa5131bf93a449b8f",
        "is_verified": false,
        "line_number": 53,
        "is_added": false,
        "is_removed": false
      },
      {
        "type": "Secret Keyword",
        "filename": "frontend/tests/unit/stores/auth-store-session-init.test.ts",
        "hashed_secret": "ef2f85831a0ef32f0d5180152f8e077b7b34054d",
        "is_verified": false,
        "line_number": 76,
        "is_added": false,
        "is_removed": false
      },
      {
        "type": "Secret Keyword",
        "filename": "frontend/tests/unit/stores/auth-store-session-init.test.ts",
        "hashed_secret": "92713d4709377111cf31f2a71986c411bd6cb5b0",
        "is_verified": false,
        "line_number": 173,
        "is_added": false,
        "is_removed": false
      },
      {
        "type": "Secret Keyword",
        "filename": "frontend/tests/unit/stores/auth-store-session-init.test.ts",
        "hashed_secret": "f841961de0bb9e886dfcbc61e73286afd46f4f92",
        "is_verified": false,
        "line_number": 174,
        "is_added": false,
        "is_removed": false
      },
      {
        "type": "Secret Keyword",
        "filename": "frontend/tests/unit/stores/auth-store-session-init.test.ts",
        "hashed_secret": "6df261768ceb9f7f172bf9a710bc7f04c9074e91",
        "is_verified": false,
        "line_number": 175,
        "is_added": false,
        "is_removed": false
      }
    ],
    "frontend/tests/unit/stores/auth-store.test.ts": [
      {
        "type": "Secret Keyword",
        "filename": "frontend/tests/unit/stores/auth-store.test.ts",
        "hashed_secret": "7593437cd78e3d34f68d69dd0a753fa74ee5f02d",
        "is_verified": false,
        "line_number": 144,
        "is_added": false,
        "is_removed": false
      },
      {
        "type": "Secret Keyword",
        "filename": "frontend/tests/unit/stores/auth-store.test.ts",
        "hashed_secret": "685cf1b1eb6c3ce6cbdfb86efc14685df9862ae4",
        "is_verified": false,
        "line_number": 145,
        "is_added": false,
        "is_removed": false
      },
      {
        "type": "Secret Keyword",
        "filename": "frontend/tests/unit/stores/auth-store.test.ts",
        "hashed_secret": "0e0627ce4ec8878a007ef99c63c221b633bfa86f",
        "is_verified": false,
        "line_number": 146,
        "is_added": false,
        "is_removed": false
      },
      {
        "type": "Secret Keyword",
        "filename": "frontend/tests/unit/stores/auth-store.test.ts",
        "hashed_secret": "bcf95e6988dc0467b60559af6f139212068b3702",
        "is_verified": false,
        "line_number": 194,
        "is_added": false,
        "is_removed": false
      },
      {
        "type": "Secret Keyword",
        "filename": "frontend/tests/unit/stores/auth-store.test.ts",
        "hashed_secret": "3584a87f6fe8f2d3ea89c8fa7c4f97002499b312",
        "is_verified": false,
        "line_number": 220,
        "is_added": false,
        "is_removed": false
      },
      {
        "type": "Secret Keyword",
        "filename": "frontend/tests/unit/stores/auth-store.test.ts",
        "hashed_secret": "03b7b2baff66570fd08c7543c0a7d4a2a8658bda",
        "is_verified": false,
        "line_number": 221,
        "is_added": false,
        "is_removed": false
      },
      {
        "type": "Secret Keyword",
        "filename": "frontend/tests/unit/stores/auth-store.test.ts",
        "hashed_secret": "4ee5e94e7ad8ca5e288a0eb3e3c536be8eb9c158",
        "is_verified": false,
        "line_number": 362,
        "is_added": false,
        "is_removed": false
      },
      {
        "type": "Secret Keyword",
        "filename": "frontend/tests/unit/stores/auth-store.test.ts",
        "hashed_secret": "be8183812dd703839c1cbe55e6f9dc70b39dd14c",
        "is_verified": false,
        "line_number": 363,
        "is_added": false,
        "is_removed": false
      },
      {
        "type": "Secret Keyword",
        "filename": "frontend/tests/unit/stores/auth-store.test.ts",
        "hashed_secret": "e79f8af02215a8a99070ab22f67958d5246078df",
        "is_verified": false,
        "line_number": 364,
        "is_added": false,
        "is_removed": false
      },
      {
        "type": "Secret Keyword",
        "filename": "frontend/tests/unit/stores/auth-store.test.ts",
        "hashed_secret": "f025bcd608587f05ba9c7ee7f66b45b989cb4bce",
        "is_verified": false,
        "line_number": 650,
        "is_added": false,
        "is_removed": false
      },
      {
        "type": "Secret Keyword",
        "filename": "frontend/tests/unit/stores/auth-store.test.ts",
        "hashed_secret": "b0ab5024ae9700bcc410dbd0f1e3f77bca20575e",
        "is_verified": false,
        "line_number": 651,
        "is_added": false,
        "is_removed": false
      }
    ],
    "infrastructure/docs/CREDENTIAL_SEPARATION_SETUP.md": [
      {
        "type": "Secret Keyword",
        "filename": "infrastructure/docs/CREDENTIAL_SEPARATION_SETUP.md",
        "hashed_secret": "b3b6adb7a4b6eec9f67882a49567f522af38c3b4",
        "is_verified": false,
        "line_number": 261,
        "is_added": false,
        "is_removed": false
      },
      {
        "type": "Secret Keyword",
        "filename": "infrastructure/docs/CREDENTIAL_SEPARATION_SETUP.md",
        "hashed_secret": "7aefaa38a902ff5d38e7e6d445fac7ab6cc72984",
        "is_verified": false,
        "line_number": 281,
        "is_added": false,
        "is_removed": false
      },
      {
        "type": "Secret Keyword",
        "filename": "infrastructure/docs/CREDENTIAL_SEPARATION_SETUP.md",
        "hashed_secret": "fd71116272da5ae15d721793d5d865b629d6fb57",
        "is_verified": false,
        "line_number": 551,
        "is_added": false,
        "is_removed": false
      }
    ],
    "infrastructure/scripts/build-and-upload-model-s3.sh": [
      {
        "type": "Hex High Entropy String",
        "filename": "infrastructure/scripts/build-and-upload-model-s3.sh",
        "hashed_secret": "364e87a5463a4b4d73c138553799e53f7426d730",
        "is_verified": false,
        "line_number": 54,
        "is_added": false,
        "is_removed": false
      }
    ],
    "infrastructure/terraform/.terraform.lock.hcl": [
      {
        "type": "Base64 High Entropy String",
        "filename": "infrastructure/terraform/.terraform.lock.hcl",
        "hashed_secret": "106a655d226feff72b382ef4899aa939e8d655e2",
        "is_verified": false,
        "line_number": 8,
        "is_added": false,
        "is_removed": false
      },
      {
        "type": "Hex High Entropy String",
        "filename": "infrastructure/terraform/.terraform.lock.hcl",
        "hashed_secret": "3493dc8187673dfbcda5316fb1acc653a740e774",
        "is_verified": false,
        "line_number": 9,
        "is_added": false,
        "is_removed": false
      },
      {
        "type": "Hex High Entropy String",
        "filename": "infrastructure/terraform/.terraform.lock.hcl",
        "hashed_secret": "70ba07aa231810419e6287b3547dcbb8b0997653",
        "is_verified": false,
        "line_number": 10,
        "is_added": false,
        "is_removed": false
      },
      {
        "type": "Hex High Entropy String",
        "filename": "infrastructure/terraform/.terraform.lock.hcl",
        "hashed_secret": "d8e90471b08b93e4ed59972e65f648b7a15ea394",
        "is_verified": false,
        "line_number": 11,
        "is_added": false,
        "is_removed": false
      },
      {
        "type": "Hex High Entropy String",
        "filename": "infrastructure/terraform/.terraform.lock.hcl",
        "hashed_secret": "4dd08c2565bbefe9062a8d49897bcdc45479c9e4",
        "is_verified": false,
        "line_number": 12,
        "is_added": false,
        "is_removed": false
      },
      {
        "type": "Hex High Entropy String",
        "filename": "infrastructure/terraform/.terraform.lock.hcl",
        "hashed_secret": "f97d8b1e677d7ebf45071dba856ff971ad44d61c",
        "is_verified": false,
        "line_number": 13,
        "is_added": false,
        "is_removed": false
      },
      {
        "type": "Hex High Entropy String",
        "filename": "infrastructure/terraform/.terraform.lock.hcl",
        "hashed_secret": "07399ce7166d1f1977c598c36dcd33fc46526ad0",
        "is_verified": false,
        "line_number": 14,
        "is_added": false,
        "is_removed": false
      },
      {
        "type": "Hex High Entropy String",
        "filename": "infrastructure/terraform/.terraform.lock.hcl",
        "hashed_secret": "bb52a2e47d1d2aaea45315d01daef00a5a2d7872",
        "is_verified": false,
        "line_number": 15,
        "is_added": false,
        "is_removed": false
      },
      {
        "type": "Hex High Entropy String",
        "filename": "infrastructure/terraform/.terraform.lock.hcl",
        "hashed_secret": "94500db8cf7ce8a35816bd5bedcbd4c71fe348bd",
        "is_verified": false,
        "line_number": 16,
        "is_added": false,
        "is_removed": false
      },
      {
        "type": "Hex High Entropy String",
        "filename": "infrastructure/terraform/.terraform.lock.hcl",
        "hashed_secret": "62c7b532e21d645d06a5425fb4590f466c9ccbc1",
        "is_verified": false,
        "line_number": 17,
        "is_added": false,
        "is_removed": false
      },
      {
        "type": "Hex High Entropy String",
        "filename": "infrastructure/terraform/.terraform.lock.hcl",
        "hashed_secret": "a43f7623316948a160e2baf86c1fbc9c36584150",
        "is_verified": false,
        "line_number": 18,
        "is_added": false,
        "is_removed": false
      },
      {
        "type": "Hex High Entropy String",
        "filename": "infrastructure/terraform/.terraform.lock.hcl",
        "hashed_secret": "60a1b6268b7364d1bc17ae26a679ce033f125349",
        "is_verified": false,
        "line_number": 19,
        "is_added": false,
        "is_removed": false
      },
      {
        "type": "Hex High Entropy String",
        "filename": "infrastructure/terraform/.terraform.lock.hcl",
        "hashed_secret": "b69e0a550d897ccfca4c97c674d79b9d0e48f352",
        "is_verified": false,
        "line_number": 20,
        "is_added": false,
        "is_removed": false
      },
      {
        "type": "Hex High Entropy String",
        "filename": "infrastructure/terraform/.terraform.lock.hcl",
        "hashed_secret": "d07925e179fcbb63434ec8f539b950a6ebfe9102",
        "is_verified": false,
        "line_number": 21,
        "is_added": false,
        "is_removed": false
      },
      {
        "type": "Hex High Entropy String",
        "filename": "infrastructure/terraform/.terraform.lock.hcl",
        "hashed_secret": "943281f36a55601a8f62da4424c1c23da5ff4d20",
        "is_verified": false,
        "line_number": 22,
        "is_added": false,
        "is_removed": false
      },
      {
        "type": "Hex High Entropy String",
        "filename": "infrastructure/terraform/.terraform.lock.hcl",
        "hashed_secret": "e966d1a70fc254688b68b9194ed13a15f63dd3cf",
        "is_verified": false,
        "line_number": 23,
        "is_added": false,
        "is_removed": false
      }
    ],
    "infrastructure/terraform/README.md": [
      {
        "type": "Secret Keyword",
        "filename": "infrastructure/terraform/README.md",
        "hashed_secret": "e61807ce751a11968a5443a5eadb8cb0b346a658",
        "is_verified": false,
        "line_number": 119,
        "is_added": false,
        "is_removed": false
      },
      {
        "type": "Secret Keyword",
        "filename": "infrastructure/terraform/README.md",
        "hashed_secret": "a923987f9f25e5bcb93791fb795a9309d0f5fb21",
        "is_verified": false,
        "line_number": 129,
        "is_added": false,
        "is_removed": false
      },
      {
        "type": "Secret Keyword",
        "filename": "infrastructure/terraform/README.md",
        "hashed_secret": "4e396cf493bd8b4ab4c82c53f844e9b3fb8ac16a",
        "is_verified": false,
        "line_number": 179,
        "is_added": false,
        "is_removed": false
      }
    ],
    "infrastructure/terraform/bootstrap/.terraform.lock.hcl": [
      {
        "type": "Base64 High Entropy String",
        "filename": "infrastructure/terraform/bootstrap/.terraform.lock.hcl",
        "hashed_secret": "106a655d226feff72b382ef4899aa939e8d655e2",
        "is_verified": false,
        "line_number": 8,
        "is_added": false,
        "is_removed": false
      },
      {
        "type": "Hex High Entropy String",
        "filename": "infrastructure/terraform/bootstrap/.terraform.lock.hcl",
        "hashed_secret": "3493dc8187673dfbcda5316fb1acc653a740e774",
        "is_verified": false,
        "line_number": 9,
        "is_added": false,
        "is_removed": false
      },
      {
        "type": "Hex High Entropy String",
        "filename": "infrastructure/terraform/bootstrap/.terraform.lock.hcl",
        "hashed_secret": "70ba07aa231810419e6287b3547dcbb8b0997653",
        "is_verified": false,
        "line_number": 10,
        "is_added": false,
        "is_removed": false
      },
      {
        "type": "Hex High Entropy String",
        "filename": "infrastructure/terraform/bootstrap/.terraform.lock.hcl",
        "hashed_secret": "d8e90471b08b93e4ed59972e65f648b7a15ea394",
        "is_verified": false,
        "line_number": 11,
        "is_added": false,
        "is_removed": false
      },
      {
        "type": "Hex High Entropy String",
        "filename": "infrastructure/terraform/bootstrap/.terraform.lock.hcl",
        "hashed_secret": "4dd08c2565bbefe9062a8d49897bcdc45479c9e4",
        "is_verified": false,
        "line_number": 12,
        "is_added": false,
        "is_removed": false
      },
      {
        "type": "Hex High Entropy String",
        "filename": "infrastructure/terraform/bootstrap/.terraform.lock.hcl",
        "hashed_secret": "f97d8b1e677d7ebf45071dba856ff971ad44d61c",
        "is_verified": false,
        "line_number": 13,
        "is_added": false,
        "is_removed": false
      },
      {
        "type": "Hex High Entropy String",
        "filename": "infrastructure/terraform/bootstrap/.terraform.lock.hcl",
        "hashed_secret": "07399ce7166d1f1977c598c36dcd33fc46526ad0",
        "is_verified": false,
        "line_number": 14,
        "is_added": false,
        "is_removed": false
      },
      {
        "type": "Hex High Entropy String",
        "filename": "infrastructure/terraform/bootstrap/.terraform.lock.hcl",
        "hashed_secret": "bb52a2e47d1d2aaea45315d01daef00a5a2d7872",
        "is_verified": false,
        "line_number": 15,
        "is_added": false,
        "is_removed": false
      },
      {
        "type": "Hex High Entropy String",
        "filename": "infrastructure/terraform/bootstrap/.terraform.lock.hcl",
        "hashed_secret": "94500db8cf7ce8a35816bd5bedcbd4c71fe348bd",
        "is_verified": false,
        "line_number": 16,
        "is_added": false,
        "is_removed": false
      },
      {
        "type": "Hex High Entropy String",
        "filename": "infrastructure/terraform/bootstrap/.terraform.lock.hcl",
        "hashed_secret": "62c7b532e21d645d06a5425fb4590f466c9ccbc1",
        "is_verified": false,
        "line_number": 17,
        "is_added": false,
        "is_removed": false
      },
      {
        "type": "Hex High Entropy String",
        "filename": "infrastructure/terraform/bootstrap/.terraform.lock.hcl",
        "hashed_secret": "a43f7623316948a160e2baf86c1fbc9c36584150",
        "is_verified": false,
        "line_number": 18,
        "is_added": false,
        "is_removed": false
      },
      {
        "type": "Hex High Entropy String",
        "filename": "infrastructure/terraform/bootstrap/.terraform.lock.hcl",
        "hashed_secret": "60a1b6268b7364d1bc17ae26a679ce033f125349",
        "is_verified": false,
        "line_number": 19,
        "is_added": false,
        "is_removed": false
      },
      {
        "type": "Hex High Entropy String",
        "filename": "infrastructure/terraform/bootstrap/.terraform.lock.hcl",
        "hashed_secret": "b69e0a550d897ccfca4c97c674d79b9d0e48f352",
        "is_verified": false,
        "line_number": 20,
        "is_added": false,
        "is_removed": false
      },
      {
        "type": "Hex High Entropy String",
        "filename": "infrastructure/terraform/bootstrap/.terraform.lock.hcl",
        "hashed_secret": "d07925e179fcbb63434ec8f539b950a6ebfe9102",
        "is_verified": false,
        "line_number": 21,
        "is_added": false,
        "is_removed": false
      },
      {
        "type": "Hex High Entropy String",
        "filename": "infrastructure/terraform/bootstrap/.terraform.lock.hcl",
        "hashed_secret": "943281f36a55601a8f62da4424c1c23da5ff4d20",
        "is_verified": false,
        "line_number": 22,
        "is_added": false,
        "is_removed": false
      },
      {
        "type": "Hex High Entropy String",
        "filename": "infrastructure/terraform/bootstrap/.terraform.lock.hcl",
        "hashed_secret": "e966d1a70fc254688b68b9194ed13a15f63dd3cf",
        "is_verified": false,
        "line_number": 23,
        "is_added": false,
        "is_removed": false
      }
    ],
    "infrastructure/terraform/main.tf": [
      {
        "type": "Secret Keyword",
        "filename": "infrastructure/terraform/main.tf",
        "hashed_secret": "d0732c0830907857b882a4d0fa03d95e50a220fc",
        "is_verified": false,
        "line_number": 160,
        "is_added": false,
        "is_removed": false
      },
      {
        "type": "Secret Keyword",
        "filename": "infrastructure/terraform/main.tf",
        "hashed_secret": "f91ab168e438cbbbefe096f3c11b3a56687b329b",
        "is_verified": false,
        "line_number": 162,
        "is_added": false,
        "is_removed": false
      },
      {
        "type": "Secret Keyword",
        "filename": "infrastructure/terraform/main.tf",
        "hashed_secret": "a270761b71ed12a324af44ca2001c2fa9956c081",
        "is_verified": false,
        "line_number": 336,
        "is_added": false,
        "is_removed": false
      },
      {
        "type": "Secret Keyword",
        "filename": "infrastructure/terraform/main.tf",
        "hashed_secret": "b87ef46728e5f05b794d4a53160d0acfa3a3ebc3",
        "is_verified": false,
        "line_number": 337,
        "is_added": false,
        "is_removed": false
      },
      {
        "type": "Secret Keyword",
        "filename": "infrastructure/terraform/main.tf",
        "hashed_secret": "46cdf7f26e553dc4f7e4b8d7c0b4ee4dfc649597",
        "is_verified": false,
        "line_number": 457,
        "is_added": false,
        "is_removed": false
      },
      {
        "type": "Secret Keyword",
        "filename": "infrastructure/terraform/main.tf",
        "hashed_secret": "da254bcf6d8ced082b9f19bd3070f769bdd2ab69",
        "is_verified": false,
        "line_number": 458,
        "is_added": false,
        "is_removed": false
      },
      {
        "type": "Secret Keyword",
        "filename": "infrastructure/terraform/main.tf",
        "hashed_secret": "a59b585137030ec34f202961de9e512dd850cb87",
        "is_verified": false,
        "line_number": 459,
        "is_added": false,
        "is_removed": false
      },
      {
        "type": "Secret Keyword",
        "filename": "infrastructure/terraform/main.tf",
        "hashed_secret": "aba9811818082e42021bda254be172cf0753f8d2",
        "is_verified": false,
        "line_number": 464,
        "is_added": false,
        "is_removed": false
      },
      {
        "type": "Secret Keyword",
        "filename": "infrastructure/terraform/main.tf",
        "hashed_secret": "388db53b4aab89aebabf0a908bc02d4f03291cba",
        "is_verified": false,
        "line_number": 489,
        "is_added": false,
        "is_removed": false
      },
      {
        "type": "Secret Keyword",
        "filename": "infrastructure/terraform/main.tf",
        "hashed_secret": "c6b6939a76abcfe325cc56d33582b1d2e017a075",
        "is_verified": false,
        "line_number": 496,
        "is_added": false,
        "is_removed": false
      },
      {
        "type": "Secret Keyword",
        "filename": "infrastructure/terraform/main.tf",
        "hashed_secret": "1d6ed30f61a4c01abee4ca80028a4a2a8432d3f1",
        "is_verified": false,
        "line_number": 1093,
        "is_added": false,
        "is_removed": false
      }
    ],
    "infrastructure/terraform/modules/amplify/.terraform.lock.hcl": [
      {
        "type": "Base64 High Entropy String",
        "filename": "infrastructure/terraform/modules/amplify/.terraform.lock.hcl",
        "hashed_secret": "e785edf8d1d771720b6553c5daa48fd741b9c9a3",
        "is_verified": false,
        "line_number": 7,
        "is_added": false,
        "is_removed": false
      },
      {
        "type": "Hex High Entropy String",
        "filename": "infrastructure/terraform/modules/amplify/.terraform.lock.hcl",
        "hashed_secret": "ac0ce05ac29ceb5b5070bde836cb74c0dca316b8",
        "is_verified": false,
        "line_number": 8,
        "is_added": false,
        "is_removed": false
      },
      {
        "type": "Hex High Entropy String",
        "filename": "infrastructure/terraform/modules/amplify/.terraform.lock.hcl",
        "hashed_secret": "e7a5539f169d09d686ee09631b8e88b1eea3ddd9",
        "is_verified": false,
        "line_number": 9,
        "is_added": false,
        "is_removed": false
      },
      {
        "type": "Hex High Entropy String",
        "filename": "infrastructure/terraform/modules/amplify/.terraform.lock.hcl",
        "hashed_secret": "bc24084cc5e07d1bd35a9756c391dbd181e772bc",
        "is_verified": false,
        "line_number": 10,
        "is_added": false,
        "is_removed": false
      },
      {
        "type": "Hex High Entropy String",
        "filename": "infrastructure/terraform/modules/amplify/.terraform.lock.hcl",
        "hashed_secret": "48142a3c0a1f347f8fb3e5085c69e607adfcee00",
        "is_verified": false,
        "line_number": 11,
        "is_added": false,
        "is_removed": false
      },
      {
        "type": "Hex High Entropy String",
        "filename": "infrastructure/terraform/modules/amplify/.terraform.lock.hcl",
        "hashed_secret": "4918959c3b9183d16574eb4d84aa13c0aa501939",
        "is_verified": false,
        "line_number": 12,
        "is_added": false,
        "is_removed": false
      },
      {
        "type": "Hex High Entropy String",
        "filename": "infrastructure/terraform/modules/amplify/.terraform.lock.hcl",
        "hashed_secret": "a96c0879b66f001342fc6cf47f1c98aa49238485",
        "is_verified": false,
        "line_number": 13,
        "is_added": false,
        "is_removed": false
      },
      {
        "type": "Hex High Entropy String",
        "filename": "infrastructure/terraform/modules/amplify/.terraform.lock.hcl",
        "hashed_secret": "037868c9812405ec1fc7c36ffe382b553ac5bc5e",
        "is_verified": false,
        "line_number": 14,
        "is_added": false,
        "is_removed": false
      },
      {
        "type": "Hex High Entropy String",
        "filename": "infrastructure/terraform/modules/amplify/.terraform.lock.hcl",
        "hashed_secret": "7d7bf9b87b2fa695f2173a814fa7a292933959bc",
        "is_verified": false,
        "line_number": 15,
        "is_added": false,
        "is_removed": false
      },
      {
        "type": "Hex High Entropy String",
        "filename": "infrastructure/terraform/modules/amplify/.terraform.lock.hcl",
        "hashed_secret": "b254a0a017d2385acc0c9a7fec35b98f3a7a9f21",
        "is_verified": false,
        "line_number": 16,
        "is_added": false,
        "is_removed": false
      },
      {
        "type": "Hex High Entropy String",
        "filename": "infrastructure/terraform/modules/amplify/.terraform.lock.hcl",
        "hashed_secret": "93f6c5677315b9680c97cd04ef162c62768cb099",
        "is_verified": false,
        "line_number": 17,
        "is_added": false,
        "is_removed": false
      },
      {
        "type": "Hex High Entropy String",
        "filename": "infrastructure/terraform/modules/amplify/.terraform.lock.hcl",
        "hashed_secret": "bb52a2e47d1d2aaea45315d01daef00a5a2d7872",
        "is_verified": false,
        "line_number": 18,
        "is_added": false,
        "is_removed": false
      },
      {
        "type": "Hex High Entropy String",
        "filename": "infrastructure/terraform/modules/amplify/.terraform.lock.hcl",
        "hashed_secret": "14b7db631b6603a03aac9fca36dafbfa9bb06d97",
        "is_verified": false,
        "line_number": 19,
        "is_added": false,
        "is_removed": false
      },
      {
        "type": "Hex High Entropy String",
        "filename": "infrastructure/terraform/modules/amplify/.terraform.lock.hcl",
        "hashed_secret": "b6d88c9213275fa7a979011948055a34cd0d34b3",
        "is_verified": false,
        "line_number": 20,
        "is_added": false,
        "is_removed": false
      },
      {
        "type": "Hex High Entropy String",
        "filename": "infrastructure/terraform/modules/amplify/.terraform.lock.hcl",
        "hashed_secret": "86ee8557a565a75650711485f9c330a434b8731e",
        "is_verified": false,
        "line_number": 21,
        "is_added": false,
        "is_removed": false
      },
      {
        "type": "Hex High Entropy String",
        "filename": "infrastructure/terraform/modules/amplify/.terraform.lock.hcl",
        "hashed_secret": "654233fc01abb1fccb04a608a730121eea89c493",
        "is_verified": false,
        "line_number": 22,
        "is_added": false,
        "is_removed": false
      }
    ],
    "infrastructure/terraform/modules/amplify/main.tf": [
      {
        "type": "Secret Keyword",
        "filename": "infrastructure/terraform/modules/amplify/main.tf",
        "hashed_secret": "8e93a087e3fc77e0364341f5eeef8b14b04150c3",
        "is_verified": false,
        "line_number": 29,
        "is_added": false,
        "is_removed": false
      }
    ],
    "infrastructure/terraform/modules/cloudwatch-rum/.terraform.lock.hcl": [
      {
        "type": "Base64 High Entropy String",
        "filename": "infrastructure/terraform/modules/cloudwatch-rum/.terraform.lock.hcl",
        "hashed_secret": "29cf79c6f7d753d3851f0e2e3b96eeec6d36f56f",
        "is_verified": false,
        "line_number": 7,
        "is_added": false,
        "is_removed": false
      },
      {
        "type": "Hex High Entropy String",
        "filename": "infrastructure/terraform/modules/cloudwatch-rum/.terraform.lock.hcl",
        "hashed_secret": "156a103039708a38559e89be6fa553a5e6185f62",
        "is_verified": false,
        "line_number": 8,
        "is_added": false,
        "is_removed": false
      },
      {
        "type": "Hex High Entropy String",
        "filename": "infrastructure/terraform/modules/cloudwatch-rum/.terraform.lock.hcl",
        "hashed_secret": "b7ba3453691859e1631cdc81a07beb4808b7b866",
        "is_verified": false,
        "line_number": 9,
        "is_added": false,
        "is_removed": false
      },
      {
        "type": "Hex High Entropy String",
        "filename": "infrastructure/terraform/modules/cloudwatch-rum/.terraform.lock.hcl",
        "hashed_secret": "159d3a64de25e128cf2aa65d5719072a8a2bfff6",
        "is_verified": false,
        "line_number": 10,
        "is_added": false,
        "is_removed": false
      },
      {
        "type": "Hex High Entropy String",
        "filename": "infrastructure/terraform/modules/cloudwatch-rum/.terraform.lock.hcl",
        "hashed_secret": "b2a4d94d3e824e548f94f8130d918cc5e1edc2e3",
        "is_verified": false,
        "line_number": 11,
        "is_added": false,
        "is_removed": false
      },
      {
        "type": "Hex High Entropy String",
        "filename": "infrastructure/terraform/modules/cloudwatch-rum/.terraform.lock.hcl",
        "hashed_secret": "9d3029a4199631d7025b448a261eefed507aa97c",
        "is_verified": false,
        "line_number": 12,
        "is_added": false,
        "is_removed": false
      },
      {
        "type": "Hex High Entropy String",
        "filename": "infrastructure/terraform/modules/cloudwatch-rum/.terraform.lock.hcl",
        "hashed_secret": "68032c04967050e393de92f4c2d112982f84e4d5",
        "is_verified": false,
        "line_number": 13,
        "is_added": false,
        "is_removed": false
      },
      {
        "type": "Hex High Entropy String",
        "filename": "infrastructure/terraform/modules/cloudwatch-rum/.terraform.lock.hcl",
        "hashed_secret": "88455811d6267affc8c2097a5b1b5a0ee1618f8c",
        "is_verified": false,
        "line_number": 14,
        "is_added": false,
        "is_removed": false
      },
      {
        "type": "Hex High Entropy String",
        "filename": "infrastructure/terraform/modules/cloudwatch-rum/.terraform.lock.hcl",
        "hashed_secret": "bb52a2e47d1d2aaea45315d01daef00a5a2d7872",
        "is_verified": false,
        "line_number": 15,
        "is_added": false,
        "is_removed": false
      },
      {
        "type": "Hex High Entropy String",
        "filename": "infrastructure/terraform/modules/cloudwatch-rum/.terraform.lock.hcl",
        "hashed_secret": "6a6f9cd8ab6e8a4f1dcf2b73cdf733033e3364b7",
        "is_verified": false,
        "line_number": 16,
        "is_added": false,
        "is_removed": false
      },
      {
        "type": "Hex High Entropy String",
        "filename": "infrastructure/terraform/modules/cloudwatch-rum/.terraform.lock.hcl",
        "hashed_secret": "27502209cbe568d8645fefaa65a2bbfec6fef4e9",
        "is_verified": false,
        "line_number": 17,
        "is_added": false,
        "is_removed": false
      },
      {
        "type": "Hex High Entropy String",
        "filename": "infrastructure/terraform/modules/cloudwatch-rum/.terraform.lock.hcl",
        "hashed_secret": "265ed4150a36ac80a34efa6a4a04753b74c23f2f",
        "is_verified": false,
        "line_number": 18,
        "is_added": false,
        "is_removed": false
      },
      {
        "type": "Hex High Entropy String",
        "filename": "infrastructure/terraform/modules/cloudwatch-rum/.terraform.lock.hcl",
        "hashed_secret": "d40852d8eb389d1b369a008a6a92ea470ac6befa",
        "is_verified": false,
        "line_number": 19,
        "is_added": false,
        "is_removed": false
      },
      {
        "type": "Hex High Entropy String",
        "filename": "infrastructure/terraform/modules/cloudwatch-rum/.terraform.lock.hcl",
        "hashed_secret": "c245550cb93e4bc55daba3c0025a92edf9018185",
        "is_verified": false,
        "line_number": 20,
        "is_added": false,
        "is_removed": false
      },
      {
        "type": "Hex High Entropy String",
        "filename": "infrastructure/terraform/modules/cloudwatch-rum/.terraform.lock.hcl",
        "hashed_secret": "c63b80fe0256e15020ec490d4072d511efbff034",
        "is_verified": false,
        "line_number": 21,
        "is_added": false,
        "is_removed": false
      },
      {
        "type": "Hex High Entropy String",
        "filename": "infrastructure/terraform/modules/cloudwatch-rum/.terraform.lock.hcl",
        "hashed_secret": "38a99c6e1c983cf73f1312197cb7814e8c313403",
        "is_verified": false,
        "line_number": 22,
        "is_added": false,
        "is_removed": false
      }
    ],
    "infrastructure/terraform/modules/cognito/.terraform.lock.hcl": [
      {
        "type": "Base64 High Entropy String",
        "filename": "infrastructure/terraform/modules/cognito/.terraform.lock.hcl",
        "hashed_secret": "29cf79c6f7d753d3851f0e2e3b96eeec6d36f56f",
        "is_verified": false,
        "line_number": 7,
        "is_added": false,
        "is_removed": false
      },
      {
        "type": "Hex High Entropy String",
        "filename": "infrastructure/terraform/modules/cognito/.terraform.lock.hcl",
        "hashed_secret": "156a103039708a38559e89be6fa553a5e6185f62",
        "is_verified": false,
        "line_number": 8,
        "is_added": false,
        "is_removed": false
      },
      {
        "type": "Hex High Entropy String",
        "filename": "infrastructure/terraform/modules/cognito/.terraform.lock.hcl",
        "hashed_secret": "b7ba3453691859e1631cdc81a07beb4808b7b866",
        "is_verified": false,
        "line_number": 9,
        "is_added": false,
        "is_removed": false
      },
      {
        "type": "Hex High Entropy String",
        "filename": "infrastructure/terraform/modules/cognito/.terraform.lock.hcl",
        "hashed_secret": "159d3a64de25e128cf2aa65d5719072a8a2bfff6",
        "is_verified": false,
        "line_number": 10,
        "is_added": false,
        "is_removed": false
      },
      {
        "type": "Hex High Entropy String",
        "filename": "infrastructure/terraform/modules/cognito/.terraform.lock.hcl",
        "hashed_secret": "b2a4d94d3e824e548f94f8130d918cc5e1edc2e3",
        "is_verified": false,
        "line_number": 11,
        "is_added": false,
        "is_removed": false
      },
      {
        "type": "Hex High Entropy String",
        "filename": "infrastructure/terraform/modules/cognito/.terraform.lock.hcl",
        "hashed_secret": "9d3029a4199631d7025b448a261eefed507aa97c",
        "is_verified": false,
        "line_number": 12,
        "is_added": false,
        "is_removed": false
      },
      {
        "type": "Hex High Entropy String",
        "filename": "infrastructure/terraform/modules/cognito/.terraform.lock.hcl",
        "hashed_secret": "68032c04967050e393de92f4c2d112982f84e4d5",
        "is_verified": false,
        "line_number": 13,
        "is_added": false,
        "is_removed": false
      },
      {
        "type": "Hex High Entropy String",
        "filename": "infrastructure/terraform/modules/cognito/.terraform.lock.hcl",
        "hashed_secret": "88455811d6267affc8c2097a5b1b5a0ee1618f8c",
        "is_verified": false,
        "line_number": 14,
        "is_added": false,
        "is_removed": false
      },
      {
        "type": "Hex High Entropy String",
        "filename": "infrastructure/terraform/modules/cognito/.terraform.lock.hcl",
        "hashed_secret": "bb52a2e47d1d2aaea45315d01daef00a5a2d7872",
        "is_verified": false,
        "line_number": 15,
        "is_added": false,
        "is_removed": false
      },
      {
        "type": "Hex High Entropy String",
        "filename": "infrastructure/terraform/modules/cognito/.terraform.lock.hcl",
        "hashed_secret": "6a6f9cd8ab6e8a4f1dcf2b73cdf733033e3364b7",
        "is_verified": false,
        "line_number": 16,
        "is_added": false,
        "is_removed": false
      },
      {
        "type": "Hex High Entropy String",
        "filename": "infrastructure/terraform/modules/cognito/.terraform.lock.hcl",
        "hashed_secret": "27502209cbe568d8645fefaa65a2bbfec6fef4e9",
        "is_verified": false,
        "line_number": 17,
        "is_added": false,
        "is_removed": false
      },
      {
        "type": "Hex High Entropy String",
        "filename": "infrastructure/terraform/modules/cognito/.terraform.lock.hcl",
        "hashed_secret": "265ed4150a36ac80a34efa6a4a04753b74c23f2f",
        "is_verified": false,
        "line_number": 18,
        "is_added": false,
        "is_removed": false
      },
      {
        "type": "Hex High Entropy String",
        "filename": "infrastructure/terraform/modules/cognito/.terraform.lock.hcl",
        "hashed_secret": "d40852d8eb389d1b369a008a6a92ea470ac6befa",
        "is_verified": false,
        "line_number": 19,
        "is_added": false,
        "is_removed": false
      },
      {
        "type": "Hex High Entropy String",
        "filename": "infrastructure/terraform/modules/cognito/.terraform.lock.hcl",
        "hashed_secret": "c245550cb93e4bc55daba3c0025a92edf9018185",
        "is_verified": false,
        "line_number": 20,
        "is_added": false,
        "is_removed": false
      },
      {
        "type": "Hex High Entropy String",
        "filename": "infrastructure/terraform/modules/cognito/.terraform.lock.hcl",
        "hashed_secret": "c63b80fe0256e15020ec490d4072d511efbff034",
        "is_verified": false,
        "line_number": 21,
        "is_added": false,
        "is_removed": false
      },
      {
        "type": "Hex High Entropy String",
        "filename": "infrastructure/terraform/modules/cognito/.terraform.lock.hcl",
        "hashed_secret": "38a99c6e1c983cf73f1312197cb7814e8c313403",
        "is_verified": false,
        "line_number": 22,
        "is_added": false,
        "is_removed": false
      }
    ],
    "infrastructure/terraform/modules/cognito/github.tf": [
      {
        "type": "Secret Keyword",
        "filename": "infrastructure/terraform/modules/cognito/github.tf",
        "hashed_secret": "df3521448ce88be7ead2c6de39e666c5625a54e5",
        "is_verified": false,
        "line_number": 24,
        "is_added": false,
        "is_removed": false
      },
      {
        "type": "Secret Keyword",
        "filename": "infrastructure/terraform/modules/cognito/github.tf",
        "hashed_secret": "77507f95efd6f7c5fa018636bf78bf35361c3753",
        "is_verified": false,
        "line_number": 29,
        "is_added": false,
        "is_removed": false
      }
    ],
    "infrastructure/terraform/modules/cognito/google.tf": [
      {
        "type": "Secret Keyword",
        "filename": "infrastructure/terraform/modules/cognito/google.tf",
        "hashed_secret": "993b7509c89b10f88687efb9567e7f3e2a2b6764",
        "is_verified": false,
        "line_number": 22,
        "is_added": false,
        "is_removed": false
      }
    ],
    "infrastructure/terraform/modules/cognito/main.tf": [
      {
        "type": "Secret Keyword",
        "filename": "infrastructure/terraform/modules/cognito/main.tf",
        "hashed_secret": "b5491604676952d7a50a1f490d8298d974e196dd",
        "is_verified": false,
        "line_number": 107,
        "is_added": false,
        "is_removed": false
      },
      {
        "type": "Secret Keyword",
        "filename": "infrastructure/terraform/modules/cognito/main.tf",
        "hashed_secret": "0176a696ed4a4f9deeca3771daedaebd3261bb3c",
        "is_verified": false,
        "line_number": 109,
        "is_added": false,
        "is_removed": false
      },
      {
        "type": "Secret Keyword",
        "filename": "infrastructure/terraform/modules/cognito/main.tf",
        "hashed_secret": "5aedee0964c6b2b3fc2c57843d266e138c2f128a",
        "is_verified": false,
        "line_number": 112,
        "is_added": false,
        "is_removed": false
      },
      {
        "type": "Secret Keyword",
        "filename": "infrastructure/terraform/modules/cognito/main.tf",
        "hashed_secret": "5548ae4f34cbb6e30414532924e2088d915b460f",
        "is_verified": false,
        "line_number": 114,
        "is_added": false,
        "is_removed": false
      },
      {
        "type": "Secret Keyword",
        "filename": "infrastructure/terraform/modules/cognito/main.tf",
        "hashed_secret": "7cb6efb98ba5972a9b5090dc2e517fe14d12cb04",
        "is_verified": false,
        "line_number": 118,
        "is_added": false,
        "is_removed": false
      },
      {
        "type": "Secret Keyword",
        "filename": "infrastructure/terraform/modules/cognito/main.tf",
        "hashed_secret": "5ffe533b830f08a0326348a9160afafc8ada44db",
        "is_verified": false,
        "line_number": 137,
        "is_added": false,
        "is_removed": false
      }
    ],
    "infrastructure/terraform/modules/secrets/main.tf": [
      {
        "type": "Secret Keyword",
        "filename": "infrastructure/terraform/modules/secrets/main.tf",
        "hashed_secret": "07350c0c781304be579ae752b79252b4729ae61d",
        "is_verified": false,
        "line_number": 274,
        "is_added": false,
        "is_removed": false
      },
      {
        "type": "Secret Keyword",
        "filename": "infrastructure/terraform/modules/secrets/main.tf",
        "hashed_secret": "1b3dae6634b7ebf476bd99c516f9ead10a0ecfa6",
        "is_verified": false,
        "line_number": 280,
        "is_added": false,
        "is_removed": false
      },
      {
        "type": "Secret Keyword",
        "filename": "infrastructure/terraform/modules/secrets/main.tf",
        "hashed_secret": "0bdd32928b319327bf1d3e937d6b08c7dc1a8047",
        "is_verified": false,
        "line_number": 284,
        "is_added": false,
        "is_removed": false
      },
      {
        "type": "Secret Keyword",
        "filename": "infrastructure/terraform/modules/secrets/main.tf",
        "hashed_secret": "5a8bd2c99f4aefcad20b8f7e305da8db9c17e641",
        "is_verified": false,
        "line_number": 288,
        "is_added": false,
        "is_removed": false
      },
      {
        "type": "Secret Keyword",
        "filename": "infrastructure/terraform/modules/secrets/main.tf",
        "hashed_secret": "081f42a23935fc8adc09e5c3c0487acd5d7861d3",
        "is_verified": false,
        "line_number": 292,
        "is_added": false,
        "is_removed": false
      }
    ],
    "pyproject.toml": [
      {
        "type": "Secret Keyword",
        "filename": "pyproject.toml",
        "hashed_secret": "2c035ac06add3f441d7b835885958b03deac3d50",
        "is_verified": false,
        "line_number": 111,
        "is_added": false,
        "is_removed": false
      }
    ],
    "scripts/setup-github-secrets.sh": [
      {
        "type": "AWS Access Key",
        "filename": "scripts/setup-github-secrets.sh",
        "hashed_secret": "25910f981e85ca04baf359199dd0bd4a3ae738b6",
        "is_verified": false,
        "line_number": 109,
        "is_added": false,
        "is_removed": false
      },
      {
        "type": "Base64 High Entropy String",
        "filename": "scripts/setup-github-secrets.sh",
        "hashed_secret": "d70eab08607a4d05faa2d0d6647206599e9abc65",
        "is_verified": false,
        "line_number": 113,
        "is_added": false,
        "is_removed": false
      }
    ],
    "specs/072-market-data-ingestion/contracts/news-item.schema.json": [
      {
        "type": "Hex High Entropy String",
        "filename": "specs/072-market-data-ingestion/contracts/news-item.schema.json",
        "hashed_secret": "7d611324dce1fc40552531e9410a7b4ac3c5d42d",
        "is_verified": false,
        "line_number": 122,
        "is_added": false,
        "is_removed": false
      }
    ],
    "specs/1048-fix-auth-type-header-bypass/plan.md": [
      {
        "type": "Secret Keyword",
        "filename": "specs/1048-fix-auth-type-header-bypass/plan.md",
        "hashed_secret": "ddb2c93ebcf6098f6ccb08807ed66e02934248a5",
        "is_verified": false,
        "line_number": 68,
        "is_added": false,
        "is_removed": false
      },
      {
        "type": "Secret Keyword",
        "filename": "specs/1048-fix-auth-type-header-bypass/plan.md",
        "hashed_secret": "8d09e034245810146b1c00bebed040ccea7390c6",
        "is_verified": false,
        "line_number": 85,
        "is_added": false,
        "is_removed": false
      }
    ],
    "specs/1122-zustand-hydration-fix/data-model.md": [
      {
        "type": "Secret Keyword",
        "filename": "specs/1122-zustand-hydration-fix/data-model.md",
        "hashed_secret": "ecb252044b5ea0f679ee78ec1a12904739e2904d",
        "is_verified": false,
        "line_number": 159,
        "is_added": false,
        "is_removed": false
      }
    ],
    "specs/1164-remove-magic-link-hardcoded-secret/plan.md": [
      {
        "type": "Secret Keyword",
        "filename": "specs/1164-remove-magic-link-hardcoded-secret/plan.md",
        "hashed_secret": "9c1dfda22e843d1b77322b257cbe3851b77cb051",
        "is_verified": false,
        "line_number": 120,
        "is_added": false,
        "is_removed": false
      }
    ],
    "specs/1176-oauth-callback-federation-response/tasks.md": [
      {
        "type": "Secret Keyword",
        "filename": "specs/1176-oauth-callback-federation-response/tasks.md",
        "hashed_secret": "8f7e63478eea9d1b489fc802eb6014cae6f1d5b7",
        "is_verified": false,
        "line_number": 44,
        "is_added": false,
        "is_removed": false
      }
    ],
    "specs/1184-role-enum-centralization/tasks.md": [
      {
        "type": "Secret Keyword",
        "filename": "specs/1184-role-enum-centralization/tasks.md",
        "hashed_secret": "8f7e63478eea9d1b489fc802eb6014cae6f1d5b7",
        "is_verified": false,
        "line_number": 43,
        "is_added": false,
        "is_removed": false
      }
    ],
    "specs/1194-workspace-bootstrap/quickstart.md": [
      {
        "type": "Secret Keyword",
        "filename": "specs/1194-workspace-bootstrap/quickstart.md",
        "hashed_secret": "77b8e25ce2e4ed9829baa8eb340a152554bee11f",
        "is_verified": false,
        "line_number": 107,
        "is_added": false,
        "is_removed": false
      }
    ],
    "specs/1253-api-gateway-cognito-auth/contracts/api-gateway-routes.yaml": [
      {
        "type": "Secret Keyword",
        "filename": "specs/1253-api-gateway-cognito-auth/contracts/api-gateway-routes.yaml",
        "hashed_secret": "cb275a4559ba388331a283a91adf2beb7e126c17",
        "is_verified": false,
        "line_number": 8,
        "is_added": false,
        "is_removed": false
      },
      {
        "type": "Secret Keyword",
        "filename": "specs/1253-api-gateway-cognito-auth/contracts/api-gateway-routes.yaml",
        "hashed_secret": "6d995844d45c5edc6a88940d0daeee8ef7f5e50f",
        "is_verified": false,
        "line_number": 15,
        "is_added": false,
        "is_removed": false
      },
      {
        "type": "Secret Keyword",
        "filename": "specs/1253-api-gateway-cognito-auth/contracts/api-gateway-routes.yaml",
        "hashed_secret": "342586896d9f0c1c2a5cf969980fe743cbb9e263",
        "is_verified": false,
        "line_number": 21,
        "is_added": false,
        "is_removed": false
      },
      {
        "type": "Secret Keyword",
        "filename": "specs/1253-api-gateway-cognito-auth/contracts/api-gateway-routes.yaml",
        "hashed_secret": "7d35eeb15669d5b01574a1930e02b60c00b6b749",
        "is_verified": false,
        "line_number": 26,
        "is_added": false,
        "is_removed": false
      },
      {
        "type": "Secret Keyword",
        "filename": "specs/1253-api-gateway-cognito-auth/contracts/api-gateway-routes.yaml",
        "hashed_secret": "58410835b82f6d6eb3fc564791026c6094dbae9e",
        "is_verified": false,
        "line_number": 31,
        "is_added": false,
        "is_removed": false
      },
      {
        "type": "Secret Keyword",
        "filename": "specs/1253-api-gateway-cognito-auth/contracts/api-gateway-routes.yaml",
        "hashed_secret": "7f4477a9ebe2bfbd41110028946b206bf90ac1c9",
        "is_verified": false,
        "line_number": 32,
        "is_added": false,
        "is_removed": false
      },
      {
        "type": "Secret Keyword",
        "filename": "specs/1253-api-gateway-cognito-auth/contracts/api-gateway-routes.yaml",
        "hashed_secret": "8222d481c6ec824d5b22a8567235a90ffac43d03",
        "is_verified": false,
        "line_number": 42,
        "is_added": false,
        "is_removed": false
      },
      {
        "type": "Secret Keyword",
        "filename": "specs/1253-api-gateway-cognito-auth/contracts/api-gateway-routes.yaml",
        "hashed_secret": "5e8460aaebcd67a63a284ae0592629572323d95b",
        "is_verified": false,
        "line_number": 47,
        "is_added": false,
        "is_removed": false
      },
      {
        "type": "Secret Keyword",
        "filename": "specs/1253-api-gateway-cognito-auth/contracts/api-gateway-routes.yaml",
        "hashed_secret": "47c82080e1756484bf616f82d49fd0055e16bfb5",
        "is_verified": false,
        "line_number": 52,
        "is_added": false,
        "is_removed": false
      },
      {
        "type": "Secret Keyword",
        "filename": "specs/1253-api-gateway-cognito-auth/contracts/api-gateway-routes.yaml",
        "hashed_secret": "21cfda25bf445223b72f8b76171c6643f4c942a8",
        "is_verified": false,
        "line_number": 57,
        "is_added": false,
        "is_removed": false
      },
      {
        "type": "Secret Keyword",
        "filename": "specs/1253-api-gateway-cognito-auth/contracts/api-gateway-routes.yaml",
        "hashed_secret": "cd0a0e854c4768fe072e3d12c55756386f68adb0",
        "is_verified": false,
        "line_number": 62,
        "is_added": false,
        "is_removed": false
      },
      {
        "type": "Secret Keyword",
        "filename": "specs/1253-api-gateway-cognito-auth/contracts/api-gateway-routes.yaml",
        "hashed_secret": "47c556d1ad3786530b7e32a7ae56bbea076b4ba9",
        "is_verified": false,
        "line_number": 67,
        "is_added": false,
        "is_removed": false
      },
      {
        "type": "Secret Keyword",
        "filename": "specs/1253-api-gateway-cognito-auth/contracts/api-gateway-routes.yaml",
        "hashed_secret": "caab21a8406eea248d0fb9b796e589ab872fcd9c",
        "is_verified": false,
        "line_number": 74,
        "is_added": false,
        "is_removed": false
      },
      {
        "type": "Secret Keyword",
        "filename": "specs/1253-api-gateway-cognito-auth/contracts/api-gateway-routes.yaml",
        "hashed_secret": "9cb9a61974a4fb6db915c3905297fcd1cbeaddc5",
        "is_verified": false,
        "line_number": 87,
        "is_added": false,
        "is_removed": false
      }
    ],
    "specs/1280-playwright-remaining/plan.md": [
      {
        "type": "Secret Keyword",
        "filename": "specs/1280-playwright-remaining/plan.md",
        "hashed_secret": "f608a7f1843469aea09881f3daef0f6ec5e0bc24",
        "is_verified": false,
        "line_number": 66,
        "is_added": false,
        "is_removed": false
      }
    ],
    "specs/1280-playwright-remaining/tasks.md": [
      {
        "type": "Secret Keyword",
        "filename": "specs/1280-playwright-remaining/tasks.md",
        "hashed_secret": "f608a7f1843469aea09881f3daef0f6ec5e0bc24",
        "is_verified": false,
        "line_number": 79,
        "is_added": false,
        "is_removed": false
      }
    ],
    "specs/1329-chart-auth-mock/plan.md": [
      {
        "type": "Secret Keyword",
        "filename": "specs/1329-chart-auth-mock/plan.md",
        "hashed_secret": "66c33315e34fd92f99811ad5b05508fbab37cb77",
        "is_verified": false,
        "line_number": 61,
        "is_added": false,
        "is_removed": false
      },
      {
        "type": "Secret Keyword",
        "filename": "specs/1329-chart-auth-mock/plan.md",
        "hashed_secret": "ddb2c93ebcf6098f6ccb08807ed66e02934248a5",
        "is_verified": false,
        "line_number": 62,
        "is_added": false,
        "is_removed": false
      }
    ],
    "specs/1329-chart-auth-mock/spec.md": [
      {
        "type": "Secret Keyword",
        "filename": "specs/1329-chart-auth-mock/spec.md",
        "hashed_secret": "66c33315e34fd92f99811ad5b05508fbab37cb77",
        "is_verified": false,
        "line_number": 76,
        "is_added": false,
        "is_removed": false
      },
      {
        "type": "Secret Keyword",
        "filename": "specs/1329-chart-auth-mock/spec.md",
        "hashed_secret": "ddb2c93ebcf6098f6ccb08807ed66e02934248a5",
        "is_verified": false,
        "line_number": 77,
        "is_added": false,
        "is_removed": false
      }
    ],
    "specs/1329-chart-auth-mock/tasks.md": [
      {
        "type": "Secret Keyword",
        "filename": "specs/1329-chart-auth-mock/tasks.md",
        "hashed_secret": "66c33315e34fd92f99811ad5b05508fbab37cb77",
        "is_verified": false,
        "line_number": 44,
        "is_added": false,
        "is_removed": false
      },
      {
        "type": "Secret Keyword",
        "filename": "specs/1329-chart-auth-mock/tasks.md",
        "hashed_secret": "ddb2c93ebcf6098f6ccb08807ed66e02934248a5",
        "is_verified": false,
        "line_number": 45,
        "is_added": false,
        "is_removed": false
      }
    ],
    "specs/1330-chaos-sse-fixes/ar1.md": [
      {
        "type": "Secret Keyword",
        "filename": "specs/1330-chaos-sse-fixes/ar1.md",
        "hashed_secret": "66c33315e34fd92f99811ad5b05508fbab37cb77",
        "is_verified": false,
        "line_number": 28,
        "is_added": false,
        "is_removed": false
      }
    ],
    "specs/1330-chaos-sse-fixes/clarify.md": [
      {
        "type": "Secret Keyword",
        "filename": "specs/1330-chaos-sse-fixes/clarify.md",
        "hashed_secret": "66c33315e34fd92f99811ad5b05508fbab37cb77",
        "is_verified": false,
        "line_number": 53,
        "is_added": false,
        "is_removed": false
      },
      {
        "type": "Secret Keyword",
        "filename": "specs/1330-chaos-sse-fixes/clarify.md",
        "hashed_secret": "ddb2c93ebcf6098f6ccb08807ed66e02934248a5",
        "is_verified": false,
        "line_number": 54,
        "is_added": false,
        "is_removed": false
      },
      {
        "type": "Secret Keyword",
        "filename": "specs/1330-chaos-sse-fixes/clarify.md",
        "hashed_secret": "ecb252044b5ea0f679ee78ec1a12904739e2904d",
        "is_verified": false,
        "line_number": 66,
        "is_added": false,
        "is_removed": false
      }
    ],
    "specs/1330-chaos-sse-fixes/plan.md": [
      {
        "type": "Secret Keyword",
        "filename": "specs/1330-chaos-sse-fixes/plan.md",
        "hashed_secret": "66c33315e34fd92f99811ad5b05508fbab37cb77",
        "is_verified": false,
        "line_number": 36,
        "is_added": false,
        "is_removed": false
      },
      {
        "type": "Secret Keyword",
        "filename": "specs/1330-chaos-sse-fixes/plan.md",
        "hashed_secret": "ddb2c93ebcf6098f6ccb08807ed66e02934248a5",
        "is_verified": false,
        "line_number": 37,
        "is_added": false,
        "is_removed": false
      },
      {
        "type": "Secret Keyword",
        "filename": "specs/1330-chaos-sse-fixes/plan.md",
        "hashed_secret": "ecb252044b5ea0f679ee78ec1a12904739e2904d",
        "is_verified": false,
        "line_number": 49,
        "is_added": false,
        "is_removed": false
      }
    ],
    "specs/1330-chaos-sse-fixes/spec.md": [
      {
        "type": "Secret Keyword",
        "filename": "specs/1330-chaos-sse-fixes/spec.md",
        "hashed_secret": "66c33315e34fd92f99811ad5b05508fbab37cb77",
        "is_verified": false,
        "line_number": 140,
        "is_added": false,
        "is_removed": false
      }
    ],
    "specs/1330-chaos-sse-fixes/tasks.md": [
      {
        "type": "Secret Keyword",
        "filename": "specs/1330-chaos-sse-fixes/tasks.md",
        "hashed_secret": "66c33315e34fd92f99811ad5b05508fbab37cb77",
        "is_verified": false,
        "line_number": 79,
        "is_added": false,
        "is_removed": false
      },
      {
        "type": "Secret Keyword",
        "filename": "specs/1330-chaos-sse-fixes/tasks.md",
        "hashed_secret": "ddb2c93ebcf6098f6ccb08807ed66e02934248a5",
        "is_verified": false,
        "line_number": 80,
        "is_added": false,
        "is_removed": false
      }
    ],
    "specs/1332-rate-limit-fixes/tasks.md": [
      {
        "type": "Secret Keyword",
        "filename": "specs/1332-rate-limit-fixes/tasks.md",
        "hashed_secret": "66c33315e34fd92f99811ad5b05508fbab37cb77",
        "is_verified": false,
        "line_number": 14,
        "is_added": false,
        "is_removed": false
      },
      {
        "type": "Secret Keyword",
        "filename": "specs/1332-rate-limit-fixes/tasks.md",
        "hashed_secret": "ddb2c93ebcf6098f6ccb08807ed66e02934248a5",
        "is_verified": false,
        "line_number": 15,
        "is_added": false,
        "is_removed": false
      }
    ],
    "specs/1338-selector-interaction-fixes/plan.md": [
      {
        "type": "Secret Keyword",
        "filename": "specs/1338-selector-interaction-fixes/plan.md",
        "hashed_secret": "7125a80f9270aef209fe73f58fe493068e72c786",
        "is_verified": false,
        "line_number": 146,
        "is_added": false,
        "is_removed": false
      }
    ],
    "specs/1381-oauth-session-persistence/tasks.md": [
      {
        "type": "Secret Keyword",
        "filename": "specs/1381-oauth-session-persistence/tasks.md",
        "hashed_secret": "ccde037af48fcf62e4670b6ae229ed0969549135",
        "is_verified": false,
        "line_number": 50,
        "is_added": false,
        "is_removed": false
      }
    ],
    "specs/1396-oauth-session-jwt/spec.md": [
      {
        "type": "Secret Keyword",
        "filename": "specs/1396-oauth-session-jwt/spec.md",
        "hashed_secret": "968ff7e152a657df7ed9b81466f50a6d784a35d4",
        "is_verified": false,
        "line_number": 405,
        "is_added": false,
        "is_removed": false
      }
    ],
    "specs/SESSION-SUMMARY.md": [
      {
        "type": "Secret Keyword",
        "filename": "specs/SESSION-SUMMARY.md",
        "hashed_secret": "e02c30a88bc36bba23cd39a7f3833707b80b7815",
        "is_verified": false,
        "line_number": 39,
        "is_added": false,
        "is_removed": false
      }
    ],
    "specs/archive/001-fastapi-purge/contracts/mock-event-factory.yaml": [
      {
        "type": "Secret Keyword",
        "filename": "specs/archive/001-fastapi-purge/contracts/mock-event-factory.yaml",
        "hashed_secret": "b45a95caa6f1f5b0d3e93bc3709f83146dd64cb8",
        "is_verified": false,
        "line_number": 132,
        "is_added": false,
        "is_removed": false
      },
      {
        "type": "Secret Keyword",
        "filename": "specs/archive/001-fastapi-purge/contracts/mock-event-factory.yaml",
        "hashed_secret": "a6f25a2934e7698d58f3eaacbfb9644810dbcba4",
        "is_verified": false,
        "line_number": 151,
        "is_added": false,
        "is_removed": false
      }
    ],
    "specs/archive/006-user-config-dashboard/contracts/auth-api.md": [
      {
        "type": "Secret Keyword",
        "filename": "specs/archive/006-user-config-dashboard/contracts/auth-api.md",
        "hashed_secret": "a25ffbc5ea4ac3feb8ece96934496fdce681d29e",
        "is_verified": false,
        "line_number": 131,
        "is_added": false,
        "is_removed": false
      }
    ],
    "specs/archive/006-user-config-dashboard/quickstart.md": [
      {
        "type": "Secret Keyword",
        "filename": "specs/archive/006-user-config-dashboard/quickstart.md",
        "hashed_secret": "f4bd37ba60c10958ceda8e9c77b44404035e07a0",
        "is_verified": false,
        "line_number": 111,
        "is_added": false,
        "is_removed": false
      }
    ],
    "specs/archive/014-session-consistency/data-model.md": [
      {
        "type": "Secret Keyword",
        "filename": "specs/archive/014-session-consistency/data-model.md",
        "hashed_secret": "403a3440fb5ebc9eca6dcf754d7b6ad8a1dc6b13",
        "is_verified": false,
        "line_number": 245,
        "is_added": false,
        "is_removed": false
      }
    ],
    "specs/archive/015-sse-endpoint-fix/quickstart.md": [
      {
        "type": "Base64 High Entropy String",
        "filename": "specs/archive/015-sse-endpoint-fix/quickstart.md",
        "hashed_secret": "ee4f340902af2de116500baf5615c01ff21c9a14",
        "is_verified": false,
        "line_number": 76,
        "is_added": false,
        "is_removed": false
      }
    ],
    "specs/archive/1126-auth-httponly-migration/archive/spec-v1-archived.md": [
      {
        "type": "Secret Keyword",
        "filename": "specs/archive/1126-auth-httponly-migration/archive/spec-v1-archived.md",
        "hashed_secret": "e02c30a88bc36bba23cd39a7f3833707b80b7815",
        "is_verified": false,
        "line_number": 200,
        "is_added": false,
        "is_removed": false
      }
    ],
    "specs/archive/1126-auth-httponly-migration/spec-v1-archived.md": [
      {
        "type": "Secret Keyword",
        "filename": "specs/archive/1126-auth-httponly-migration/spec-v1-archived.md",
        "hashed_secret": "e02c30a88bc36bba23cd39a7f3833707b80b7815",
        "is_verified": false,
        "line_number": 200,
        "is_added": false,
        "is_removed": false
      }
    ],
    "specs/archive/1126-auth-httponly-migration/spec-v2.md": [
      {
        "type": "Secret Keyword",
        "filename": "specs/archive/1126-auth-httponly-migration/spec-v2.md",
        "hashed_secret": "8229d96e08d69bb95e315ed08626e38f52abea4f",
        "is_verified": false,
        "line_number": 2033,
        "is_added": false,
        "is_removed": false
      },
      {
        "type": "Secret Keyword",
        "filename": "specs/archive/1126-auth-httponly-migration/spec-v2.md",
        "hashed_secret": "56e6dcf6974a4ded8a441b909babda37ba16defb",
        "is_verified": false,
        "line_number": 2034,
        "is_added": false,
        "is_removed": false
      },
      {
        "type": "Secret Keyword",
        "filename": "specs/archive/1126-auth-httponly-migration/spec-v2.md",
        "hashed_secret": "e02c30a88bc36bba23cd39a7f3833707b80b7815",
        "is_verified": false,
        "line_number": 2214,
        "is_added": false,
        "is_removed": false
      },
      {
        "type": "Secret Keyword",
        "filename": "specs/archive/1126-auth-httponly-migration/spec-v2.md",
        "hashed_secret": "2736fab291f04e69b62d490c3c09361f5b82461a",
        "is_verified": false,
        "line_number": 3244,
        "is_added": false,
        "is_removed": false
      },
      {
        "type": "Secret Keyword",
        "filename": "specs/archive/1126-auth-httponly-migration/spec-v2.md",
        "hashed_secret": "4e3d91444d2d47e7ed5711fdce33fc7928a8a7f9",
        "is_verified": false,
        "line_number": 3248,
        "is_added": false,
        "is_removed": false
      },
      {
        "type": "Secret Keyword",
        "filename": "specs/archive/1126-auth-httponly-migration/spec-v2.md",
        "hashed_secret": "965b9aa99d2b8a748a8f5247d0871574c6a350c8",
        "is_verified": false,
        "line_number": 3956,
        "is_added": false,
        "is_removed": false
      },
      {
        "type": "Secret Keyword",
        "filename": "specs/archive/1126-auth-httponly-migration/spec-v2.md",
        "hashed_secret": "eb5a8ec7706408be716e5b80c0f5151af50a36c0",
        "is_verified": false,
        "line_number": 5980,
        "is_added": false,
        "is_removed": false
      },
      {
        "type": "Secret Keyword",
        "filename": "specs/archive/1126-auth-httponly-migration/spec-v2.md",
        "hashed_secret": "26b56c1bdfb048c3e46419fde332bab76deb2cd3",
        "is_verified": false,
        "line_number": 6656,
        "is_added": false,
        "is_removed": false
      },
      {
        "type": "Secret Keyword",
        "filename": "specs/archive/1126-auth-httponly-migration/spec-v2.md",
        "hashed_secret": "0f12541afcce175fb34bb05a79c95b76e765488b",
        "is_verified": false,
        "line_number": 6708,
        "is_added": false,
        "is_removed": false
      }
    ],
    "specs/archive/1181-oauth-auto-link/quickstart.md": [
      {
        "type": "Secret Keyword",
        "filename": "specs/archive/1181-oauth-auto-link/quickstart.md",
        "hashed_secret": "456c22e979b010f1e997f5a4206cb7cfada8b56b",
        "is_verified": false,
        "line_number": 104,
        "is_added": false,
        "is_removed": false
      }
    ],
    "specs/archive/1182-email-to-oauth-link/quickstart.md": [
      {
        "type": "Secret Keyword",
        "filename": "specs/archive/1182-email-to-oauth-link/quickstart.md",
        "hashed_secret": "04c3cf2bd4034ae075280b27fb65ab078120c332",
        "is_verified": false,
        "line_number": 107,
        "is_added": false,
        "is_removed": false
      }
    ],
    "specs/archive/1191-mid-session-tier-upgrade/quickstart.md": [
      {
        "type": "Secret Keyword",
        "filename": "specs/archive/1191-mid-session-tier-upgrade/quickstart.md",
        "hashed_secret": "9d1a8d8480340f9fbc3e556ab08a6a54b68ca09d",
        "is_verified": false,
        "line_number": 14,
        "is_added": false,
        "is_removed": false
      },
      {
        "type": "Secret Keyword",
        "filename": "specs/archive/1191-mid-session-tier-upgrade/quickstart.md",
        "hashed_secret": "d45082517bc6c093fec956bd1709b44548feb2fb",
        "is_verified": false,
        "line_number": 15,
        "is_added": false,
        "is_removed": false
      },
      {
        "type": "Secret Keyword",
        "filename": "specs/archive/1191-mid-session-tier-upgrade/quickstart.md",
        "hashed_secret": "8f7e63478eea9d1b489fc802eb6014cae6f1d5b7",
        "is_verified": false,
        "line_number": 57,
        "is_added": false,
        "is_removed": false
      }
    ],
    "src/dashboard/index.html": [
      {
        "type": "Base64 High Entropy String",
        "filename": "src/dashboard/index.html",
        "hashed_secret": "edbdc8fcef998738d86d6c384dda6510d6febceb",
        "is_verified": false,
        "line_number": 10,
        "is_added": false,
        "is_removed": false
      },
      {
        "type": "Base64 High Entropy String",
        "filename": "src/dashboard/index.html",
        "hashed_secret": "e87e29ee2ebe15d55122c716684008f50ad3b29b",
        "is_verified": false,
        "line_number": 15,
        "is_added": false,
        "is_removed": false
      },
      {
        "type": "Base64 High Entropy String",
        "filename": "src/dashboard/index.html",
        "hashed_secret": "26e678aacf0ea0c2f2c904f8cc0fd9ed76ef7a9f",
        "is_verified": false,
        "line_number": 19,
        "is_added": false,
        "is_removed": false
      },
      {
        "type": "Base64 High Entropy String",
        "filename": "src/dashboard/index.html",
        "hashed_secret": "7a185e207fdd398d8243c09624b6837a1f75d291",
        "is_verified": false,
        "line_number": 23,
        "is_added": false,
        "is_removed": false
      }
    ],
    "src/lambdas/dashboard/router_v2.py": [
      {
        "type": "Secret Keyword",
        "filename": "src/lambdas/dashboard/router_v2.py",
        "hashed_secret": "4c82f23d91a75961f4d08134fc5ad0dfe6a4c36a",
        "is_verified": false,
        "line_number": 115,
        "is_added": false,
        "is_removed": false
      }
    ]
  },
  "generated_at": "2026-07-25T15:01:28Z"
}
